MPLINK 3.80.03, Linker
Linker Map File - Created Wed Dec 01 10:25:18 2004

                                 Section Info
                  Section       Type    Address   Location Size(Bytes)
                ---------  ---------  ---------  ---------  ---------
               _entry_scn       code   0x000000    program   0x000006
  _RESET_INTERRUPT_VECTOR       code   0x000800    program   0x000006
   _HIGH_INTERRUPT_VECTOR       code   0x000808    program   0x000002
    _LOW_INTERRUPT_VECTOR       code   0x000818    program   0x000002
                   .cinit    romdata   0x00082a    program   0x00000e
             .code_user.o       code   0x000838    program   0x00054c
             .code_usb9.o       code   0x000d84    program   0x00030c
       .code_usbctrltrf.o       code   0x001090    program   0x0002a2
      .code_temperature.o       code   0x001332    program   0x000196
           .code_usbdrv.o       code   0x0014c8    program   0x000178
           .code_usbgen.o       code   0x001640    program   0x00011e
        .romdata_usbdsc.o    romdata   0x00175e    program   0x0000b8
               _cinit_scn       code   0x001816    program   0x00009e
          .code_openspi.o       code   0x0018b4    program   0x000066
             .code_main.o       code   0x00191a    program   0x000036
         .code_fxd1616u.o       code   0x001950    program   0x00002c
             _startup_scn       code   0x00197c    program   0x000018
          .code_readspi.o       code   0x001994    program   0x00000a
        .romdata_usbgen.o    romdata   0x00199e    program   0x000000
         .romdata_c018i.o    romdata   0x00199e    program   0x000000
   .romdata_temperature.o    romdata   0x00199e    program   0x000000
          .romdata_user.o    romdata   0x00199e    program   0x000000
          .idata_user.o_i    romdata   0x00199e    program   0x000002
    .romdata_usbctrltrf.o    romdata   0x00199e    program   0x000000
      .romdata_fxd1616u.o    romdata   0x00199e    program   0x000000
          .romdata_main.o    romdata   0x00199e    program   0x000000
          .romdata_usb9.o    romdata   0x00199e    program   0x000000
       .romdata_readspi.o    romdata   0x00199e    program   0x000000
        .romdata_usbdrv.o    romdata   0x00199e    program   0x000000
       .romdata_openspi.o    romdata   0x00199e    program   0x000000
       .romdata_usbmmap.o    romdata   0x00199e    program   0x000000
      .idata_fxd1616u.o_i    romdata   0x0019a0    program   0x000000
       .idata_readspi.o_i    romdata   0x0019a0    program   0x000000
       .idata_openspi.o_i    romdata   0x0019a0    program   0x000000
        .idata_usbgen.o_i    romdata   0x0019a0    program   0x000000
   .idata_temperature.o_i    romdata   0x0019a0    program   0x000000
    .idata_usbctrltrf.o_i    romdata   0x0019a0    program   0x000000
           .code_usbdsc.o       code   0x0019a0    program   0x000000
        .idata_usbdsc.o_i    romdata   0x0019a0    program   0x000000
          .idata_usb9.o_i    romdata   0x0019a0    program   0x000000
        .idata_usbdrv.o_i    romdata   0x0019a0    program   0x000000
          .code_usbmmap.o       code   0x0019a0    program   0x000000
       .idata_usbmmap.o_i    romdata   0x0019a0    program   0x000000
          .idata_main.o_i    romdata   0x0019a0    program   0x000000
            .code_c018i.o       code   0x0019a0    program   0x000000
         .idata_c018i.o_i    romdata   0x0019a0    program   0x000000
                MATH_DATA      udata   0x000000       data   0x000010
                 .tmpdata      udata   0x000010       data   0x000002
            .udata_user.o      udata   0x000060       data   0x000083
     .udata_temperature.o      udata   0x0000e3       data   0x00000c
           .udata_c018i.o      udata   0x0000ef       data   0x00000a
         .udata_usbmmap.o      udata   0x0000f9       data   0x000004
          .udata_usbdrv.o      udata   0x0000fd       data   0x000002
          .udata_usbgen.o      udata   0x0000ff       data   0x000001
      .udata_usbctrltrf.o      udata   0x000100       data   0x000008
            .idata_user.o      idata   0x000108       data   0x000002
         .udata_openspi.o      udata   0x00010a       data   0x000000
        .idata_fxd1616u.o      idata   0x00010a       data   0x000000
        .udata_fxd1616u.o      udata   0x00010a       data   0x000000
         .idata_openspi.o      idata   0x00010a       data   0x000000
          .idata_usbgen.o      idata   0x00010a       data   0x000000
         .udata_readspi.o      udata   0x00010a       data   0x000000
     .idata_temperature.o      idata   0x00010a       data   0x000000
         .idata_readspi.o      idata   0x00010a       data   0x000000
      .idata_usbctrltrf.o      idata   0x00010a       data   0x000000
          .idata_usbdsc.o      idata   0x00010a       data   0x000000
          .udata_usbdsc.o      udata   0x00010a       data   0x000000
            .idata_usb9.o      idata   0x00010a       data   0x000000
            .udata_usb9.o      udata   0x00010a       data   0x000000
          .idata_usbdrv.o      idata   0x00010a       data   0x000000
         .idata_usbmmap.o      idata   0x00010a       data   0x000000
            .idata_main.o      idata   0x00010a       data   0x000000
            .udata_main.o      udata   0x00010a       data   0x000000
           .idata_c018i.o      idata   0x00010a       data   0x000000
                   .stack      udata   0x000300       data   0x000100
                  usbram4      udata   0x000400       data   0x0000a8
            SFR_UNBANKED0      udata   0x000f62       data   0x00009e



                              Program Memory Usage 
                               Start         End      
                           ---------   ---------      
                            0x000000    0x000005      
                            0x000800    0x000805      
                            0x000808    0x000809      
                            0x000818    0x000819      
                            0x00082a    0x00199f      
            4486 out of 33048 program addresses used, program memory utilization is 13%



                              Symbols - Sorted by Name
                     Name    Address   Location    Storage File                     
                ---------  ---------  ---------  --------- ---------                
       AcquireTemperature   0x001358    program     extern C:\MCHPFSUSB\fw\Demo\user\temperature.c
           BlinkUSBStatus   0x000aca    program     extern C:\MCHPFSUSB\fw\Demo\user\user.c
               ClearArray   0x001616    program     extern C:\MCHPFSUSB\fw\Demo\system\usb\usbdrv\usbdrv.c
                 FXD1616U   0x001950    program     extern C:\mcc18\src\TRADIT~1\math\fxd1616u.c
           InitTempSensor   0x001332    program     extern C:\MCHPFSUSB\fw\Demo\user\temperature.c
         InitializeSystem   0x001926    program     static C:\MCHPFSUSB\fw\Demo\main.c
                  OpenSPI   0x0018b4    program     extern C:\mcc18\src\TRADIT~1\pmc\SPI\openspi.c
 PICDEMFSUSBDemoBoardTest   0x000bc2    program     extern C:\MCHPFSUSB\fw\Demo\user\user.c
                ProcessIO   0x000874    program     extern C:\MCHPFSUSB\fw\Demo\user\user.c
                  ReadPOT   0x0008e0    program     extern C:\MCHPFSUSB\fw\Demo\user\user.c
                  ReadSPI   0x001994    program     extern C:\mcc18\src\TRADIT~1\pmc\SPI\readspi.c
             ResetTempLog   0x0008d8    program     extern C:\MCHPFSUSB\fw\Demo\user\user.c
          ServiceRequests   0x0008ea    program     extern C:\MCHPFSUSB\fw\Demo\user\user.c
         Switch2IsPressed   0x000b5c    program     extern C:\MCHPFSUSB\fw\Demo\user\user.c
         Switch3IsPressed   0x000b82    program     extern C:\MCHPFSUSB\fw\Demo\user\user.c
                   TXbyte   0x000ba8    program     extern C:\MCHPFSUSB\fw\Demo\user\user.c
        USBCheckBusStatus   0x0014c8    program     extern C:\MCHPFSUSB\fw\Demo\system\usb\usbdrv\usbdrv.c
       USBCheckStdRequest   0x000d84    program     extern C:\MCHPFSUSB\fw\Demo\system\usb\usb9\usb9.c
         USBCtrlEPService   0x001090    program     extern C:\MCHPFSUSB\fw\Demo\system\usb\usbctrltrf\usbctrltrf.c
 USBCtrlEPServiceComplete   0x00128a    program     extern C:\MCHPFSUSB\fw\Demo\system\usb\usbctrltrf\usbctrltrf.c
      USBCtrlTrfInHandler   0x00110a    program     extern C:\MCHPFSUSB\fw\Demo\system\usb\usbctrltrf\usbctrltrf.c
     USBCtrlTrfOutHandler   0x0010ea    program     extern C:\MCHPFSUSB\fw\Demo\system\usb\usbctrltrf\usbctrltrf.c
      USBCtrlTrfRxService   0x001218    program     extern C:\MCHPFSUSB\fw\Demo\system\usb\usbctrltrf\usbctrltrf.c
   USBCtrlTrfSetupHandler   0x0010c6    program     extern C:\MCHPFSUSB\fw\Demo\system\usb\usbctrltrf\usbctrltrf.c
      USBCtrlTrfTxService   0x001144    program     extern C:\MCHPFSUSB\fw\Demo\system\usb\usbctrltrf\usbctrltrf.c
         USBDriverService   0x00150a    program     extern C:\MCHPFSUSB\fw\Demo\system\usb\usbdrv\usbdrv.c
          USBErrorHandler   0x0015ce    program     extern C:\MCHPFSUSB\fw\Demo\system\usb\usbdrv\usbdrv.c
             USBGenInitEP   0x001640    program     extern C:\MCHPFSUSB\fw\Demo\system\usb\class\generic\usbgen.c
               USBGenRead   0x0016de    program     extern C:\MCHPFSUSB\fw\Demo\system\usb\class\generic\usbgen.c
              USBGenWrite   0x00166a    program     extern C:\MCHPFSUSB\fw\Demo\system\usb\class\generic\usbgen.c
         USBModuleDisable   0x0014fc    program     extern C:\MCHPFSUSB\fw\Demo\system\usb\usbdrv\usbdrv.c
          USBModuleEnable   0x0014ee    program     extern C:\MCHPFSUSB\fw\Demo\system\usb\usbdrv\usbdrv.c
USBPrepareForNextSetupTrf   0x001316    program     extern C:\MCHPFSUSB\fw\Demo\system\usb\usbctrltrf\usbctrltrf.c
  USBProtocolResetHandler   0x0015d2    program     extern C:\MCHPFSUSB\fw\Demo\system\usb\usbdrv\usbdrv.c
          USBRemoteWakeup   0x001598    program     extern C:\MCHPFSUSB\fw\Demo\system\usb\usbdrv\usbdrv.c
            USBSoftDetach   0x001506    program     extern C:\MCHPFSUSB\fw\Demo\system\usb\usbdrv\usbdrv.c
          USBStallHandler   0x0015c0    program     extern C:\MCHPFSUSB\fw\Demo\system\usb\usbdrv\usbdrv.c
  USBStdFeatureReqHandler   0x000fee    program     extern C:\MCHPFSUSB\fw\Demo\system\usb\usb9\usb9.c
      USBStdGetDscHandler   0x000e46    program     extern C:\MCHPFSUSB\fw\Demo\system\usb\usb9\usb9.c
   USBStdGetStatusHandler   0x000f4e    program     extern C:\MCHPFSUSB\fw\Demo\system\usb\usb9\usb9.c
      USBStdSetCfgHandler   0x000efe    program     extern C:\MCHPFSUSB\fw\Demo\system\usb\usb9\usb9.c
               USBSuspend   0x001588    program     extern C:\MCHPFSUSB\fw\Demo\system\usb\usbdrv\usbdrv.c
                 USBTasks   0x001942    program     extern C:\MCHPFSUSB\fw\Demo\main.c
       USBWakeFromSuspend   0x001590    program     extern C:\MCHPFSUSB\fw\Demo\system\usb\usbdrv\usbdrv.c
               USB_CD_Ptr   0x00180c    program     extern C:\MCHPFSUSB\fw\Demo\autofiles\usbdsc.c
               USB_SD_Ptr   0x001810    program     extern C:\MCHPFSUSB\fw\Demo\autofiles\usbdsc.c
          USB_SOF_Handler   0x0015bc    program     extern C:\MCHPFSUSB\fw\Demo\system\usb\usbdrv\usbdrv.c
       UpdateCelsiusASCII   0x00137a    program     extern C:\MCHPFSUSB\fw\Demo\user\temperature.c
                 UserInit   0x000838    program     extern C:\MCHPFSUSB\fw\Demo\user\user.c
      ___case_-1_lbl00041   0x000a98    program     static                          
       ___case_0_lbl00016   0x000942    program     static                          
      ___case_49_lbl00017   0x000954    program     static                          
      ___case_50_lbl00029   0x000994    program     static                          
      ___case_51_lbl00030   0x0009de    program     static                          
      ___case_52_lbl00032   0x0009ec    program     static                          
      ___case_53_lbl00033   0x000a04    program     static                          
      ___case_54_lbl00034   0x000a14    program     static                          
      ___case_55_lbl00040   0x000a86    program     static                          
      ___default_lbl00042   0x000a9c    program     static                          
         ___else_lbl00019   0x00098e    program     static                          
         ___else_lbl00021   0x000980    program     static                          
         ___else_lbl00023   0x000972    program     static                          
         ___else_lbl00025   0x000966    program     static                          
         ___else_lbl00028   0x0009b8    program     static                          
         ___else_lbl00038   0x000a42    program     static                          
          ___for_lbl00035   0x000a7e    program     static                          
          ___for_lbl00036   0x000a82    program     static                          
          ___for_lbl00039   0x000a2e    program     static                          
           ___if_lbl00018   0x000992    program     static                          
           ___if_lbl00020   0x000992    program     static                          
           ___if_lbl00022   0x000992    program     static                          
           ___if_lbl00024   0x000992    program     static                          
           ___if_lbl00026   0x0009dc    program     static                          
           ___if_lbl00027   0x0009dc    program     static                          
           ___if_lbl00031   0x000a02    program     static                          
           ___if_lbl00037   0x000a46    program     static                          
           ___if_lbl00043   0x000ac0    program     static                          
           ___if_lbl00044   0x000ac0    program     static                          
           ___if_lbl00045   0x000ac0    program     static                          
       ___return_lbl00000   0x000804    program     static                          
       ___return_lbl00000   0x000004    program     static                          
       ___return_lbl00000   0x00197a    program     static                          
       ___return_lbl00001   0x001992    program     static                          
       ___return_lbl00002   0x0018b2    program     static                          
       ___return_lbl00014   0x000ac0    program     static                          
       ___return_lbl00042   0x001638    program     static                          
   ___switchexit_lbl00015   0x000a9e    program     static                          
        ___while_lbl00043   0x00162a    program     static                          
        ___while_lbl00044   0x001638    program     static                          
                _do_cinit   0x001816    program     extern C:\mcc18\src\traditional\startup\c018i.c
                   _entry   0x000000    program     extern C:\mcc18\src\traditional\startup\c018i.c
                _high_ISR   0x000808    program     extern C:\MCHPFSUSB\fw\Demo\main.c
                 _low_ISR   0x000818    program     extern C:\MCHPFSUSB\fw\Demo\main.c
                   _reset   0x000800    program     extern C:\MCHPFSUSB\fw\Demo\main.c
                 _startup   0x00197c    program     extern C:\mcc18\src\traditional\startup\c018i.c
                    cfg01   0x001770    program     extern C:\MCHPFSUSB\fw\Demo\autofiles\usbdsc.c
                copy_loop   0x001888    program     static                          
            copy_one_byte   0x00188e    program     static                          
               device_dsc   0x00175e    program     extern C:\MCHPFSUSB\fw\Demo\autofiles\usbdsc.c
                     done   0x0018b2    program     static                          
             done_copying   0x00189c    program     static                          
                  endloop   0x001976    program     static                          
                     loop   0x00198c    program     static                          
                     loop   0x00195a    program     static                          
                     main   0x00191a    program     extern C:\MCHPFSUSB\fw\Demo\main.c
                    sd000   0x001790    program     extern C:\MCHPFSUSB\fw\Demo\autofiles\usbdsc.c
                    sd001   0x001794    program     extern C:\MCHPFSUSB\fw\Demo\autofiles\usbdsc.c
                    sd002   0x0017c8    program     extern C:\MCHPFSUSB\fw\Demo\autofiles\usbdsc.c
                     test   0x001830    program     static                          
                   AARGB0   0x000007       data     extern C:\MCC18\SRC\TRADIT~1\MATH\aarg.asm
                   AARGB1   0x000006       data     extern C:\MCC18\SRC\TRADIT~1\MATH\aarg.asm
                   AARGB2   0x000005       data     extern C:\MCC18\SRC\TRADIT~1\MATH\aarg.asm
                   AARGB3   0x000004       data     extern C:\MCC18\SRC\TRADIT~1\MATH\aarg.asm
                   AARGB4   0x000003       data     extern C:\MCC18\SRC\TRADIT~1\MATH\aarg.asm
                   AARGB5   0x000002       data     extern C:\MCC18\SRC\TRADIT~1\MATH\aarg.asm
                   AARGB6   0x000001       data     extern C:\MCC18\SRC\TRADIT~1\MATH\aarg.asm
                   AARGB7   0x000000       data     extern C:\MCC18\SRC\TRADIT~1\MATH\aarg.asm
                   ADCON0   0x000fc2       data     extern C:\MCC18\SRC\TRADIT~1\PROC\p18f4550.asm
               ADCON0bits   0x000fc2       data     extern C:\MCC18\SRC\TRADIT~1\PROC\p18f4550.asm
                   ADCON1   0x000fc1       data     extern C:\MCC18\SRC\TRADIT~1\PROC\p18f4550.asm
               ADCON1bits   0x000fc1       data     extern C:\MCC18\SRC\TRADIT~1\PROC\p18f4550.asm
                   ADCON2   0x000fc0       data     extern C:\MCC18\SRC\TRADIT~1\PROC\p18f4550.asm
               ADCON2bits   0x000fc0       data     extern C:\MCC18\SRC\TRADIT~1\PROC\p18f4550.asm
                    ADRES   0x000fc3       data     extern C:\MCC18\SRC\TRADIT~1\PROC\p18f4550.asm
                   ADRESH   0x000fc4       data     extern C:\MCC18\SRC\TRADIT~1\PROC\p18f4550.asm
                   ADRESL   0x000fc3       data     extern C:\MCC18\SRC\TRADIT~1\PROC\p18f4550.asm
                     AEXP   0x000008       data     extern C:\MCC18\SRC\TRADIT~1\MATH\aarg.asm
                   BARGB0   0x00000c       data     extern C:\MCC18\SRC\TRADIT~1\MATH\barg.asm
                   BARGB1   0x00000b       data     extern C:\MCC18\SRC\TRADIT~1\MATH\barg.asm
                   BARGB2   0x00000a       data     extern C:\MCC18\SRC\TRADIT~1\MATH\barg.asm
                   BARGB3   0x000009       data     extern C:\MCC18\SRC\TRADIT~1\MATH\barg.asm
                  BAUDCON   0x000fb8       data     extern C:\MCC18\SRC\TRADIT~1\PROC\p18f4550.asm
              BAUDCONbits   0x000fb8       data     extern C:\MCC18\SRC\TRADIT~1\PROC\p18f4550.asm
                     BEXP   0x00000d       data     extern C:\MCC18\SRC\TRADIT~1\MATH\barg.asm
                      BSR   0x000fe0       data     extern C:\MCC18\SRC\TRADIT~1\PROC\p18f4550.asm
                   CCP1AS   0x000fb6       data     extern C:\MCC18\SRC\TRADIT~1\PROC\p18f4550.asm
               CCP1ASbits   0x000fb6       data     extern C:\MCC18\SRC\TRADIT~1\PROC\p18f4550.asm
                  CCP1CON   0x000fbd       data     extern C:\MCC18\SRC\TRADIT~1\PROC\p18f4550.asm
              CCP1CONbits   0x000fbd       data     extern C:\MCC18\SRC\TRADIT~1\PROC\p18f4550.asm
                  CCP1DEL   0x000fb7       data     extern C:\MCC18\SRC\TRADIT~1\PROC\p18f4550.asm
              CCP1DELbits   0x000fb7       data     extern C:\MCC18\SRC\TRADIT~1\PROC\p18f4550.asm
                  CCP2CON   0x000fba       data     extern C:\MCC18\SRC\TRADIT~1\PROC\p18f4550.asm
              CCP2CONbits   0x000fba       data     extern C:\MCC18\SRC\TRADIT~1\PROC\p18f4550.asm
                    CCPR1   0x000fbe       data     extern C:\MCC18\SRC\TRADIT~1\PROC\p18f4550.asm
                   CCPR1H   0x000fbf       data     extern C:\MCC18\SRC\TRADIT~1\PROC\p18f4550.asm
                   CCPR1L   0x000fbe       data     extern C:\MCC18\SRC\TRADIT~1\PROC\p18f4550.asm
                    CCPR2   0x000fbb       data     extern C:\MCC18\SRC\TRADIT~1\PROC\p18f4550.asm
                   CCPR2H   0x000fbc       data     extern C:\MCC18\SRC\TRADIT~1\PROC\p18f4550.asm
                   CCPR2L   0x000fbb       data     extern C:\MCC18\SRC\TRADIT~1\PROC\p18f4550.asm
                    CMCON   0x000fb4       data     extern C:\MCC18\SRC\TRADIT~1\PROC\p18f4550.asm
                CMCONbits   0x000fb4       data     extern C:\MCC18\SRC\TRADIT~1\PROC\p18f4550.asm
                   CVRCON   0x000fb5       data     extern C:\MCC18\SRC\TRADIT~1\PROC\p18f4550.asm
               CVRCONbits   0x000fb5       data     extern C:\MCC18\SRC\TRADIT~1\PROC\p18f4550.asm
              CtrlTrfData   0x000420       data     extern C:\MCHPFSUSB\fw\Demo\system\usb\usbmmap.c
                     DDRA   0x000f92       data     extern C:\MCC18\SRC\TRADIT~1\PROC\p18f4550.asm
                 DDRAbits   0x000f92       data     extern C:\MCC18\SRC\TRADIT~1\PROC\p18f4550.asm
                     DDRB   0x000f93       data     extern C:\MCC18\SRC\TRADIT~1\PROC\p18f4550.asm
                 DDRBbits   0x000f93       data     extern C:\MCC18\SRC\TRADIT~1\PROC\p18f4550.asm
                     DDRC   0x000f94       data     extern C:\MCC18\SRC\TRADIT~1\PROC\p18f4550.asm
                 DDRCbits   0x000f94       data     extern C:\MCC18\SRC\TRADIT~1\PROC\p18f4550.asm
                     DDRD   0x000f95       data     extern C:\MCC18\SRC\TRADIT~1\PROC\p18f4550.asm
                 DDRDbits   0x000f95       data     extern C:\MCC18\SRC\TRADIT~1\PROC\p18f4550.asm
                     DDRE   0x000f96       data     extern C:\MCC18\SRC\TRADIT~1\PROC\p18f4550.asm
                 DDREbits   0x000f96       data     extern C:\MCC18\SRC\TRADIT~1\PROC\p18f4550.asm
                  ECCP1AS   0x000fb6       data     extern C:\MCC18\SRC\TRADIT~1\PROC\p18f4550.asm
              ECCP1ASbits   0x000fb6       data     extern C:\MCC18\SRC\TRADIT~1\PROC\p18f4550.asm
                 ECCP1CON   0x000fbd       data     extern C:\MCC18\SRC\TRADIT~1\PROC\p18f4550.asm
             ECCP1CONbits   0x000fbd       data     extern C:\MCC18\SRC\TRADIT~1\PROC\p18f4550.asm
                 ECCP1DEL   0x000fb7       data     extern C:\MCC18\SRC\TRADIT~1\PROC\p18f4550.asm
             ECCP1DELbits   0x000fb7       data     extern C:\MCC18\SRC\TRADIT~1\PROC\p18f4550.asm
                    EEADR   0x000fa9       data     extern C:\MCC18\SRC\TRADIT~1\PROC\p18f4550.asm
                   EECON1   0x000fa6       data     extern C:\MCC18\SRC\TRADIT~1\PROC\p18f4550.asm
               EECON1bits   0x000fa6       data     extern C:\MCC18\SRC\TRADIT~1\PROC\p18f4550.asm
                   EECON2   0x000fa7       data     extern C:\MCC18\SRC\TRADIT~1\PROC\p18f4550.asm
                   EEDATA   0x000fa8       data     extern C:\MCC18\SRC\TRADIT~1\PROC\p18f4550.asm
                  FPFLAGS   0x00000f       data     extern C:\MCC18\SRC\TRADIT~1\MATH\cmath18.asm
                     FSR0   0x000fe9       data     extern C:\MCC18\SRC\TRADIT~1\PROC\p18f4550.asm
                    FSR0H   0x000fea       data     extern C:\MCC18\SRC\TRADIT~1\PROC\p18f4550.asm
                    FSR0L   0x000fe9       data     extern C:\MCC18\SRC\TRADIT~1\PROC\p18f4550.asm
                     FSR1   0x000fe1       data     extern C:\MCC18\SRC\TRADIT~1\PROC\p18f4550.asm
                    FSR1H   0x000fe2       data     extern C:\MCC18\SRC\TRADIT~1\PROC\p18f4550.asm
                    FSR1L   0x000fe1       data     extern C:\MCC18\SRC\TRADIT~1\PROC\p18f4550.asm
                     FSR2   0x000fd9       data     extern C:\MCC18\SRC\TRADIT~1\PROC\p18f4550.asm
                    FSR2H   0x000fda       data     extern C:\MCC18\SRC\TRADIT~1\PROC\p18f4550.asm
                    FSR2L   0x000fd9       data     extern C:\MCC18\SRC\TRADIT~1\PROC\p18f4550.asm
                  HLVDCON   0x000fd2       data     extern C:\MCC18\SRC\TRADIT~1\PROC\p18f4550.asm
              HLVDCONbits   0x000fd2       data     extern C:\MCC18\SRC\TRADIT~1\PROC\p18f4550.asm
                    INDF0   0x000fef       data     extern C:\MCC18\SRC\TRADIT~1\PROC\p18f4550.asm
                    INDF1   0x000fe7       data     extern C:\MCC18\SRC\TRADIT~1\PROC\p18f4550.asm
                    INDF2   0x000fdf       data     extern C:\MCC18\SRC\TRADIT~1\PROC\p18f4550.asm
                   INTCON   0x000ff2       data     extern C:\MCC18\SRC\TRADIT~1\PROC\p18f4550.asm
                  INTCON2   0x000ff1       data     extern C:\MCC18\SRC\TRADIT~1\PROC\p18f4550.asm
              INTCON2bits   0x000ff1       data     extern C:\MCC18\SRC\TRADIT~1\PROC\p18f4550.asm
                  INTCON3   0x000ff0       data     extern C:\MCC18\SRC\TRADIT~1\PROC\p18f4550.asm
              INTCON3bits   0x000ff0       data     extern C:\MCC18\SRC\TRADIT~1\PROC\p18f4550.asm
               INTCONbits   0x000ff2       data     extern C:\MCC18\SRC\TRADIT~1\PROC\p18f4550.asm
                     IPR1   0x000f9f       data     extern C:\MCC18\SRC\TRADIT~1\PROC\p18f4550.asm
                 IPR1bits   0x000f9f       data     extern C:\MCC18\SRC\TRADIT~1\PROC\p18f4550.asm
                     IPR2   0x000fa2       data     extern C:\MCC18\SRC\TRADIT~1\PROC\p18f4550.asm
                 IPR2bits   0x000fa2       data     extern C:\MCC18\SRC\TRADIT~1\PROC\p18f4550.asm
                     LATA   0x000f89       data     extern C:\MCC18\SRC\TRADIT~1\PROC\p18f4550.asm
                 LATAbits   0x000f89       data     extern C:\MCC18\SRC\TRADIT~1\PROC\p18f4550.asm
                     LATB   0x000f8a       data     extern C:\MCC18\SRC\TRADIT~1\PROC\p18f4550.asm
                 LATBbits   0x000f8a       data     extern C:\MCC18\SRC\TRADIT~1\PROC\p18f4550.asm
                     LATC   0x000f8b       data     extern C:\MCC18\SRC\TRADIT~1\PROC\p18f4550.asm
                 LATCbits   0x000f8b       data     extern C:\MCC18\SRC\TRADIT~1\PROC\p18f4550.asm
                     LATD   0x000f8c       data     extern C:\MCC18\SRC\TRADIT~1\PROC\p18f4550.asm
                 LATDbits   0x000f8c       data     extern C:\MCC18\SRC\TRADIT~1\PROC\p18f4550.asm
                     LATE   0x000f8d       data     extern C:\MCC18\SRC\TRADIT~1\PROC\p18f4550.asm
                 LATEbits   0x000f8d       data     extern C:\MCC18\SRC\TRADIT~1\PROC\p18f4550.asm
                   OSCCON   0x000fd3       data     extern C:\MCC18\SRC\TRADIT~1\PROC\p18f4550.asm
               OSCCONbits   0x000fd3       data     extern C:\MCC18\SRC\TRADIT~1\PROC\p18f4550.asm
                  OSCTUNE   0x000f9b       data     extern C:\MCC18\SRC\TRADIT~1\PROC\p18f4550.asm
              OSCTUNEbits   0x000f9b       data     extern C:\MCC18\SRC\TRADIT~1\PROC\p18f4550.asm
                       PC   0x000ff9       data     extern C:\MCC18\SRC\TRADIT~1\PROC\p18f4550.asm
                      PCL   0x000ff9       data     extern C:\MCC18\SRC\TRADIT~1\PROC\p18f4550.asm
                   PCLATH   0x000ffa       data     extern C:\MCC18\SRC\TRADIT~1\PROC\p18f4550.asm
                   PCLATU   0x000ffb       data     extern C:\MCC18\SRC\TRADIT~1\PROC\p18f4550.asm
                     PIE1   0x000f9d       data     extern C:\MCC18\SRC\TRADIT~1\PROC\p18f4550.asm
                 PIE1bits   0x000f9d       data     extern C:\MCC18\SRC\TRADIT~1\PROC\p18f4550.asm
                     PIE2   0x000fa0       data     extern C:\MCC18\SRC\TRADIT~1\PROC\p18f4550.asm
                 PIE2bits   0x000fa0       data     extern C:\MCC18\SRC\TRADIT~1\PROC\p18f4550.asm
                     PIR1   0x000f9e       data     extern C:\MCC18\SRC\TRADIT~1\PROC\p18f4550.asm
                 PIR1bits   0x000f9e       data     extern C:\MCC18\SRC\TRADIT~1\PROC\p18f4550.asm
                     PIR2   0x000fa1       data     extern C:\MCC18\SRC\TRADIT~1\PROC\p18f4550.asm
                 PIR2bits   0x000fa1       data     extern C:\MCC18\SRC\TRADIT~1\PROC\p18f4550.asm
                   PLUSW0   0x000feb       data     extern C:\MCC18\SRC\TRADIT~1\PROC\p18f4550.asm
                   PLUSW1   0x000fe3       data     extern C:\MCC18\SRC\TRADIT~1\PROC\p18f4550.asm
                   PLUSW2   0x000fdb       data     extern C:\MCC18\SRC\TRADIT~1\PROC\p18f4550.asm
                    PORTA   0x000f80       data     extern C:\MCC18\SRC\TRADIT~1\PROC\p18f4550.asm
                PORTAbits   0x000f80       data     extern C:\MCC18\SRC\TRADIT~1\PROC\p18f4550.asm
                    PORTB   0x000f81       data     extern C:\MCC18\SRC\TRADIT~1\PROC\p18f4550.asm
                PORTBbits   0x000f81       data     extern C:\MCC18\SRC\TRADIT~1\PROC\p18f4550.asm
                    PORTC   0x000f82       data     extern C:\MCC18\SRC\TRADIT~1\PROC\p18f4550.asm
                PORTCbits   0x000f82       data     extern C:\MCC18\SRC\TRADIT~1\PROC\p18f4550.asm
                    PORTD   0x000f83       data     extern C:\MCC18\SRC\TRADIT~1\PROC\p18f4550.asm
                PORTDbits   0x000f83       data     extern C:\MCC18\SRC\TRADIT~1\PROC\p18f4550.asm
                    PORTE   0x000f84       data     extern C:\MCC18\SRC\TRADIT~1\PROC\p18f4550.asm
                PORTEbits   0x000f84       data     extern C:\MCC18\SRC\TRADIT~1\PROC\p18f4550.asm
                 POSTDEC0   0x000fed       data     extern C:\MCC18\SRC\TRADIT~1\PROC\p18f4550.asm
                 POSTDEC1   0x000fe5       data     extern C:\MCC18\SRC\TRADIT~1\PROC\p18f4550.asm
                 POSTDEC2   0x000fdd       data     extern C:\MCC18\SRC\TRADIT~1\PROC\p18f4550.asm
                 POSTINC0   0x000fee       data     extern C:\MCC18\SRC\TRADIT~1\PROC\p18f4550.asm
                 POSTINC1   0x000fe6       data     extern C:\MCC18\SRC\TRADIT~1\PROC\p18f4550.asm
                 POSTINC2   0x000fde       data     extern C:\MCC18\SRC\TRADIT~1\PROC\p18f4550.asm
                      PR2   0x000fcb       data     extern C:\MCC18\SRC\TRADIT~1\PROC\p18f4550.asm
                  PREINC0   0x000fec       data     extern C:\MCC18\SRC\TRADIT~1\PROC\p18f4550.asm
                  PREINC1   0x000fe4       data     extern C:\MCC18\SRC\TRADIT~1\PROC\p18f4550.asm
                  PREINC2   0x000fdc       data     extern C:\MCC18\SRC\TRADIT~1\PROC\p18f4550.asm
                     PROD   0x000ff3       data     extern C:\MCC18\SRC\TRADIT~1\PROC\p18f4550.asm
                    PRODH   0x000ff4       data     extern C:\MCC18\SRC\TRADIT~1\PROC\p18f4550.asm
                    PRODL   0x000ff3       data     extern C:\MCC18\SRC\TRADIT~1\PROC\p18f4550.asm
                     RCON   0x000fd0       data     extern C:\MCC18\SRC\TRADIT~1\PROC\p18f4550.asm
                 RCONbits   0x000fd0       data     extern C:\MCC18\SRC\TRADIT~1\PROC\p18f4550.asm
                    RCREG   0x000fae       data     extern C:\MCC18\SRC\TRADIT~1\PROC\p18f4550.asm
                    RCSTA   0x000fab       data     extern C:\MCC18\SRC\TRADIT~1\PROC\p18f4550.asm
                RCSTAbits   0x000fab       data     extern C:\MCC18\SRC\TRADIT~1\PROC\p18f4550.asm
                    REMB0   0x000003       data     extern C:\MCC18\SRC\TRADIT~1\MATH\aarg.asm
                    REMB1   0x000002       data     extern C:\MCC18\SRC\TRADIT~1\MATH\aarg.asm
                    REMB2   0x000001       data     extern C:\MCC18\SRC\TRADIT~1\MATH\aarg.asm
                    REMB3   0x000000       data     extern C:\MCC18\SRC\TRADIT~1\MATH\aarg.asm
                     SIGN   0x00000e       data     extern C:\MCC18\SRC\TRADIT~1\MATH\cmath18.asm
                    SPBRG   0x000faf       data     extern C:\MCC18\SRC\TRADIT~1\PROC\p18f4550.asm
                   SPBRGH   0x000fb0       data     extern C:\MCC18\SRC\TRADIT~1\PROC\p18f4550.asm
                   SPPCFG   0x000f63       data     extern C:\MCC18\SRC\TRADIT~1\PROC\p18f4550.asm
               SPPCFGbits   0x000f63       data     extern C:\MCC18\SRC\TRADIT~1\PROC\p18f4550.asm
                   SPPCON   0x000f65       data     extern C:\MCC18\SRC\TRADIT~1\PROC\p18f4550.asm
               SPPCONbits   0x000f65       data     extern C:\MCC18\SRC\TRADIT~1\PROC\p18f4550.asm
                  SPPDATA   0x000f62       data     extern C:\MCC18\SRC\TRADIT~1\PROC\p18f4550.asm
                   SPPEPS   0x000f64       data     extern C:\MCC18\SRC\TRADIT~1\PROC\p18f4550.asm
               SPPEPSbits   0x000f64       data     extern C:\MCC18\SRC\TRADIT~1\PROC\p18f4550.asm
                   SSPADD   0x000fc8       data     extern C:\MCC18\SRC\TRADIT~1\PROC\p18f4550.asm
                   SSPBUF   0x000fc9       data     extern C:\MCC18\SRC\TRADIT~1\PROC\p18f4550.asm
                  SSPCON1   0x000fc6       data     extern C:\MCC18\SRC\TRADIT~1\PROC\p18f4550.asm
              SSPCON1bits   0x000fc6       data     extern C:\MCC18\SRC\TRADIT~1\PROC\p18f4550.asm
                  SSPCON2   0x000fc5       data     extern C:\MCC18\SRC\TRADIT~1\PROC\p18f4550.asm
              SSPCON2bits   0x000fc5       data     extern C:\MCC18\SRC\TRADIT~1\PROC\p18f4550.asm
                  SSPSTAT   0x000fc7       data     extern C:\MCC18\SRC\TRADIT~1\PROC\p18f4550.asm
              SSPSTATbits   0x000fc7       data     extern C:\MCC18\SRC\TRADIT~1\PROC\p18f4550.asm
                   STATUS   0x000fd8       data     extern C:\MCC18\SRC\TRADIT~1\PROC\p18f4550.asm
               STATUSbits   0x000fd8       data     extern C:\MCC18\SRC\TRADIT~1\PROC\p18f4550.asm
                   STKPTR   0x000ffc       data     extern C:\MCC18\SRC\TRADIT~1\PROC\p18f4550.asm
               STKPTRbits   0x000ffc       data     extern C:\MCC18\SRC\TRADIT~1\PROC\p18f4550.asm
                 SetupPkt   0x000418       data     extern C:\MCHPFSUSB\fw\Demo\system\usb\usbmmap.c
                    T0CON   0x000fd5       data     extern C:\MCC18\SRC\TRADIT~1\PROC\p18f4550.asm
                T0CONbits   0x000fd5       data     extern C:\MCC18\SRC\TRADIT~1\PROC\p18f4550.asm
                    T1CON   0x000fcd       data     extern C:\MCC18\SRC\TRADIT~1\PROC\p18f4550.asm
                T1CONbits   0x000fcd       data     extern C:\MCC18\SRC\TRADIT~1\PROC\p18f4550.asm
                    T2CON   0x000fca       data     extern C:\MCC18\SRC\TRADIT~1\PROC\p18f4550.asm
                T2CONbits   0x000fca       data     extern C:\MCC18\SRC\TRADIT~1\PROC\p18f4550.asm
                    T3CON   0x000fb1       data     extern C:\MCC18\SRC\TRADIT~1\PROC\p18f4550.asm
                T3CONbits   0x000fb1       data     extern C:\MCC18\SRC\TRADIT~1\PROC\p18f4550.asm
                   TABLAT   0x000ff5       data     extern C:\MCC18\SRC\TRADIT~1\PROC\p18f4550.asm
                   TBLPTR   0x000ff6       data     extern C:\MCC18\SRC\TRADIT~1\PROC\p18f4550.asm
                  TBLPTRH   0x000ff7       data     extern C:\MCC18\SRC\TRADIT~1\PROC\p18f4550.asm
                  TBLPTRL   0x000ff6       data     extern C:\MCC18\SRC\TRADIT~1\PROC\p18f4550.asm
                  TBLPTRU   0x000ff8       data     extern C:\MCC18\SRC\TRADIT~1\PROC\p18f4550.asm
                    TMR0H   0x000fd7       data     extern C:\MCC18\SRC\TRADIT~1\PROC\p18f4550.asm
                    TMR0L   0x000fd6       data     extern C:\MCC18\SRC\TRADIT~1\PROC\p18f4550.asm
                    TMR1H   0x000fcf       data     extern C:\MCC18\SRC\TRADIT~1\PROC\p18f4550.asm
                    TMR1L   0x000fce       data     extern C:\MCC18\SRC\TRADIT~1\PROC\p18f4550.asm
                     TMR2   0x000fcc       data     extern C:\MCC18\SRC\TRADIT~1\PROC\p18f4550.asm
                    TMR3H   0x000fb3       data     extern C:\MCC18\SRC\TRADIT~1\PROC\p18f4550.asm
                    TMR3L   0x000fb2       data     extern C:\MCC18\SRC\TRADIT~1\PROC\p18f4550.asm
                      TOS   0x000ffd       data     extern C:\MCC18\SRC\TRADIT~1\PROC\p18f4550.asm
                     TOSH   0x000ffe       data     extern C:\MCC18\SRC\TRADIT~1\PROC\p18f4550.asm
                     TOSL   0x000ffd       data     extern C:\MCC18\SRC\TRADIT~1\PROC\p18f4550.asm
                     TOSU   0x000fff       data     extern C:\MCC18\SRC\TRADIT~1\PROC\p18f4550.asm
                    TRISA   0x000f92       data     extern C:\MCC18\SRC\TRADIT~1\PROC\p18f4550.asm
                TRISAbits   0x000f92       data     extern C:\MCC18\SRC\TRADIT~1\PROC\p18f4550.asm
                    TRISB   0x000f93       data     extern C:\MCC18\SRC\TRADIT~1\PROC\p18f4550.asm
                TRISBbits   0x000f93       data     extern C:\MCC18\SRC\TRADIT~1\PROC\p18f4550.asm
                    TRISC   0x000f94       data     extern C:\MCC18\SRC\TRADIT~1\PROC\p18f4550.asm
                TRISCbits   0x000f94       data     extern C:\MCC18\SRC\TRADIT~1\PROC\p18f4550.asm
                    TRISD   0x000f95       data     extern C:\MCC18\SRC\TRADIT~1\PROC\p18f4550.asm
                TRISDbits   0x000f95       data     extern C:\MCC18\SRC\TRADIT~1\PROC\p18f4550.asm
                    TRISE   0x000f96       data     extern C:\MCC18\SRC\TRADIT~1\PROC\p18f4550.asm
                TRISEbits   0x000f96       data     extern C:\MCC18\SRC\TRADIT~1\PROC\p18f4550.asm
                    TXREG   0x000fad       data     extern C:\MCC18\SRC\TRADIT~1\PROC\p18f4550.asm
                    TXSTA   0x000fac       data     extern C:\MCC18\SRC\TRADIT~1\PROC\p18f4550.asm
                TXSTAbits   0x000fac       data     extern C:\MCC18\SRC\TRADIT~1\PROC\p18f4550.asm
                    UADDR   0x000f6e       data     extern C:\MCC18\SRC\TRADIT~1\PROC\p18f4550.asm
                UADDRbits   0x000f6e       data     extern C:\MCC18\SRC\TRADIT~1\PROC\p18f4550.asm
                     UCFG   0x000f6f       data     extern C:\MCC18\SRC\TRADIT~1\PROC\p18f4550.asm
                 UCFGbits   0x000f6f       data     extern C:\MCC18\SRC\TRADIT~1\PROC\p18f4550.asm
                     UCON   0x000f6d       data     extern C:\MCC18\SRC\TRADIT~1\PROC\p18f4550.asm
                 UCONbits   0x000f6d       data     extern C:\MCC18\SRC\TRADIT~1\PROC\p18f4550.asm
                     UEIE   0x000f6b       data     extern C:\MCC18\SRC\TRADIT~1\PROC\p18f4550.asm
                 UEIEbits   0x000f6b       data     extern C:\MCC18\SRC\TRADIT~1\PROC\p18f4550.asm
                     UEIR   0x000f6a       data     extern C:\MCC18\SRC\TRADIT~1\PROC\p18f4550.asm
                 UEIRbits   0x000f6a       data     extern C:\MCC18\SRC\TRADIT~1\PROC\p18f4550.asm
                     UEP0   0x000f70       data     extern C:\MCC18\SRC\TRADIT~1\PROC\p18f4550.asm
                 UEP0bits   0x000f70       data     extern C:\MCC18\SRC\TRADIT~1\PROC\p18f4550.asm
                     UEP1   0x000f71       data     extern C:\MCC18\SRC\TRADIT~1\PROC\p18f4550.asm
                    UEP10   0x000f7a       data     extern C:\MCC18\SRC\TRADIT~1\PROC\p18f4550.asm
                UEP10bits   0x000f7a       data     extern C:\MCC18\SRC\TRADIT~1\PROC\p18f4550.asm
                    UEP11   0x000f7b       data     extern C:\MCC18\SRC\TRADIT~1\PROC\p18f4550.asm
                UEP11bits   0x000f7b       data     extern C:\MCC18\SRC\TRADIT~1\PROC\p18f4550.asm
                    UEP12   0x000f7c       data     extern C:\MCC18\SRC\TRADIT~1\PROC\p18f4550.asm
                UEP12bits   0x000f7c       data     extern C:\MCC18\SRC\TRADIT~1\PROC\p18f4550.asm
                    UEP13   0x000f7d       data     extern C:\MCC18\SRC\TRADIT~1\PROC\p18f4550.asm
                UEP13bits   0x000f7d       data     extern C:\MCC18\SRC\TRADIT~1\PROC\p18f4550.asm
                    UEP14   0x000f7e       data     extern C:\MCC18\SRC\TRADIT~1\PROC\p18f4550.asm
                UEP14bits   0x000f7e       data     extern C:\MCC18\SRC\TRADIT~1\PROC\p18f4550.asm
                    UEP15   0x000f7f       data     extern C:\MCC18\SRC\TRADIT~1\PROC\p18f4550.asm
                UEP15bits   0x000f7f       data     extern C:\MCC18\SRC\TRADIT~1\PROC\p18f4550.asm
                 UEP1bits   0x000f71       data     extern C:\MCC18\SRC\TRADIT~1\PROC\p18f4550.asm
                     UEP2   0x000f72       data     extern C:\MCC18\SRC\TRADIT~1\PROC\p18f4550.asm
                 UEP2bits   0x000f72       data     extern C:\MCC18\SRC\TRADIT~1\PROC\p18f4550.asm
                     UEP3   0x000f73       data     extern C:\MCC18\SRC\TRADIT~1\PROC\p18f4550.asm
                 UEP3bits   0x000f73       data     extern C:\MCC18\SRC\TRADIT~1\PROC\p18f4550.asm
                     UEP4   0x000f74       data     extern C:\MCC18\SRC\TRADIT~1\PROC\p18f4550.asm
                 UEP4bits   0x000f74       data     extern C:\MCC18\SRC\TRADIT~1\PROC\p18f4550.asm
                     UEP5   0x000f75       data     extern C:\MCC18\SRC\TRADIT~1\PROC\p18f4550.asm
                 UEP5bits   0x000f75       data     extern C:\MCC18\SRC\TRADIT~1\PROC\p18f4550.asm
                     UEP6   0x000f76       data     extern C:\MCC18\SRC\TRADIT~1\PROC\p18f4550.asm
                 UEP6bits   0x000f76       data     extern C:\MCC18\SRC\TRADIT~1\PROC\p18f4550.asm
                     UEP7   0x000f77       data     extern C:\MCC18\SRC\TRADIT~1\PROC\p18f4550.asm
                 UEP7bits   0x000f77       data     extern C:\MCC18\SRC\TRADIT~1\PROC\p18f4550.asm
                     UEP8   0x000f78       data     extern C:\MCC18\SRC\TRADIT~1\PROC\p18f4550.asm
                 UEP8bits   0x000f78       data     extern C:\MCC18\SRC\TRADIT~1\PROC\p18f4550.asm
                     UEP9   0x000f79       data     extern C:\MCC18\SRC\TRADIT~1\PROC\p18f4550.asm
                 UEP9bits   0x000f79       data     extern C:\MCC18\SRC\TRADIT~1\PROC\p18f4550.asm
                     UFRM   0x000f66       data     extern C:\MCC18\SRC\TRADIT~1\PROC\p18f4550.asm
                    UFRMH   0x000f67       data     extern C:\MCC18\SRC\TRADIT~1\PROC\p18f4550.asm
                    UFRML   0x000f66       data     extern C:\MCC18\SRC\TRADIT~1\PROC\p18f4550.asm
                      UIE   0x000f69       data     extern C:\MCC18\SRC\TRADIT~1\PROC\p18f4550.asm
                  UIEbits   0x000f69       data     extern C:\MCC18\SRC\TRADIT~1\PROC\p18f4550.asm
                      UIR   0x000f68       data     extern C:\MCC18\SRC\TRADIT~1\PROC\p18f4550.asm
                  UIRbits   0x000f68       data     extern C:\MCC18\SRC\TRADIT~1\PROC\p18f4550.asm
                    USTAT   0x000f6c       data     extern C:\MCC18\SRC\TRADIT~1\PROC\p18f4550.asm
                USTATbits   0x000f6c       data     extern C:\MCC18\SRC\TRADIT~1\PROC\p18f4550.asm
                   WDTCON   0x000fd1       data     extern C:\MCC18\SRC\TRADIT~1\PROC\p18f4550.asm
               WDTCONbits   0x000fd1       data     extern C:\MCC18\SRC\TRADIT~1\PROC\p18f4550.asm
                     WREG   0x000fe8       data     extern C:\MCC18\SRC\TRADIT~1\PROC\p18f4550.asm
                  __tmp_0   0x000010       data     static C:\MCHPFSUSB\fw\Demo\system\usb\usb9\usb9.c
                  __tmp_0   0x000010       data     static C:\MCHPFSUSB\fw\Demo\user\temperature.c
                  __tmp_0   0x000010       data     static C:\MCHPFSUSB\fw\Demo\system\usb\class\generic\usbgen.c
                  __tmp_0   0x000010       data     static C:\MCHPFSUSB\fw\Demo\user\user.c
                  counter   0x000062       data     extern C:\MCHPFSUSB\fw\Demo\user\user.c
   ctrl_trf_session_owner   0x000101       data     extern C:\MCHPFSUSB\fw\Demo\system\usb\usbctrltrf\usbctrltrf.c
           ctrl_trf_state   0x000100       data     extern C:\MCHPFSUSB\fw\Demo\system\usb\usbctrltrf\usbctrltrf.c
                curr_byte   0x0000f2       data     static C:\mcc18\src\traditional\startup\c018i.c
               curr_entry   0x0000f4       data     static C:\mcc18\src\traditional\startup\c018i.c
               dataPacket   0x000065       data     extern C:\MCHPFSUSB\fw\Demo\user\user.c
                 data_ptr   0x0000f6       data     static C:\mcc18\src\traditional\startup\c018i.c
              delay_count   0x0000fd       data     static C:\MCHPFSUSB\fw\Demo\system\usb\usbdrv\usbdrv.c
                    ep0Bi   0x000404       data     extern C:\MCHPFSUSB\fw\Demo\system\usb\usbmmap.c
                    ep0Bo   0x000400       data     extern C:\MCHPFSUSB\fw\Demo\system\usb\usbmmap.c
                    ep1Bi   0x00040c       data     extern C:\MCHPFSUSB\fw\Demo\system\usb\usbmmap.c
                    ep1Bo   0x000408       data     extern C:\MCHPFSUSB\fw\Demo\system\usb\usbmmap.c
                    ep2Bi   0x000414       data     extern C:\MCHPFSUSB\fw\Demo\system\usb\usbmmap.c
                    ep2Bo   0x000410       data     extern C:\MCHPFSUSB\fw\Demo\system\usb\usbmmap.c
                led_count   0x000108       data     static C:\MCHPFSUSB\fw\Demo\user\user.c
                  old_sw2   0x000060       data     extern C:\MCHPFSUSB\fw\Demo\user\user.c
                  old_sw3   0x000061       data     extern C:\MCHPFSUSB\fw\Demo\user\user.c
                     pDst   0x000104       data     extern C:\MCHPFSUSB\fw\Demo\system\usb\usbctrltrf\usbctrltrf.c
                     pSrc   0x000102       data     extern C:\MCHPFSUSB\fw\Demo\system\usb\usbctrltrf\usbctrltrf.c
                    pTemp   0x0000a5       data     extern C:\MCHPFSUSB\fw\Demo\user\user.c
                     prom   0x0000ef       data     static C:\mcc18\src\traditional\startup\c018i.c
               tempString   0x0000e5       data     extern C:\MCHPFSUSB\fw\Demo\user\temperature.c
                temp_data   0x0000a7       data     extern C:\MCHPFSUSB\fw\Demo\user\user.c
                temp_mode   0x000064       data     extern C:\MCHPFSUSB\fw\Demo\user\user.c
              temperature   0x0000e3       data     extern C:\MCHPFSUSB\fw\Demo\user\temperature.c
                trf_state   0x000063       data     extern C:\MCHPFSUSB\fw\Demo\user\user.c
           usb_active_cfg   0x0000fb       data     extern C:\MCHPFSUSB\fw\Demo\system\usb\usbmmap.c
             usb_alt_intf   0x0000fc       data     extern C:\MCHPFSUSB\fw\Demo\system\usb\usbmmap.c
         usb_device_state   0x0000f9       data     extern C:\MCHPFSUSB\fw\Demo\system\usb\usbmmap.c
                 usb_stat   0x0000fa       data     extern C:\MCHPFSUSB\fw\Demo\system\usb\usbmmap.c
                usbgen_in   0x000468       data     extern C:\MCHPFSUSB\fw\Demo\system\usb\usbmmap.c
               usbgen_out   0x000428       data     extern C:\MCHPFSUSB\fw\Demo\system\usb\usbmmap.c
            usbgen_rx_len   0x0000ff       data     extern C:\MCHPFSUSB\fw\Demo\system\usb\class\generic\usbgen.c
               valid_temp   0x0000a6       data     extern C:\MCHPFSUSB\fw\Demo\user\user.c
                   wCount   0x000106       data     extern C:\MCHPFSUSB\fw\Demo\system\usb\usbctrltrf\usbctrltrf.c



                              Symbols - Sorted by Address
                     Name    Address   Location    Storage File                     
                ---------  ---------  ---------  --------- ---------                
                   _entry   0x000000    program     extern C:\mcc18\src\traditional\startup\c018i.c
       ___return_lbl00000   0x000004    program     static                          
                   _reset   0x000800    program     extern C:\MCHPFSUSB\fw\Demo\main.c
       ___return_lbl00000   0x000804    program     static                          
                _high_ISR   0x000808    program     extern C:\MCHPFSUSB\fw\Demo\main.c
                 _low_ISR   0x000818    program     extern C:\MCHPFSUSB\fw\Demo\main.c
                 UserInit   0x000838    program     extern C:\MCHPFSUSB\fw\Demo\user\user.c
                ProcessIO   0x000874    program     extern C:\MCHPFSUSB\fw\Demo\user\user.c
             ResetTempLog   0x0008d8    program     extern C:\MCHPFSUSB\fw\Demo\user\user.c
                  ReadPOT   0x0008e0    program     extern C:\MCHPFSUSB\fw\Demo\user\user.c
          ServiceRequests   0x0008ea    program     extern C:\MCHPFSUSB\fw\Demo\user\user.c
       ___case_0_lbl00016   0x000942    program     static                          
      ___case_49_lbl00017   0x000954    program     static                          
         ___else_lbl00025   0x000966    program     static                          
         ___else_lbl00023   0x000972    program     static                          
         ___else_lbl00021   0x000980    program     static                          
         ___else_lbl00019   0x00098e    program     static                          
           ___if_lbl00018   0x000992    program     static                          
           ___if_lbl00024   0x000992    program     static                          
           ___if_lbl00022   0x000992    program     static                          
           ___if_lbl00020   0x000992    program     static                          
      ___case_50_lbl00029   0x000994    program     static                          
         ___else_lbl00028   0x0009b8    program     static                          
           ___if_lbl00027   0x0009dc    program     static                          
           ___if_lbl00026   0x0009dc    program     static                          
      ___case_51_lbl00030   0x0009de    program     static                          
      ___case_52_lbl00032   0x0009ec    program     static                          
           ___if_lbl00031   0x000a02    program     static                          
      ___case_53_lbl00033   0x000a04    program     static                          
      ___case_54_lbl00034   0x000a14    program     static                          
          ___for_lbl00039   0x000a2e    program     static                          
         ___else_lbl00038   0x000a42    program     static                          
           ___if_lbl00037   0x000a46    program     static                          
          ___for_lbl00035   0x000a7e    program     static                          
          ___for_lbl00036   0x000a82    program     static                          
      ___case_55_lbl00040   0x000a86    program     static                          
      ___case_-1_lbl00041   0x000a98    program     static                          
      ___default_lbl00042   0x000a9c    program     static                          
   ___switchexit_lbl00015   0x000a9e    program     static                          
           ___if_lbl00043   0x000ac0    program     static                          
           ___if_lbl00044   0x000ac0    program     static                          
           ___if_lbl00045   0x000ac0    program     static                          
       ___return_lbl00014   0x000ac0    program     static                          
           BlinkUSBStatus   0x000aca    program     extern C:\MCHPFSUSB\fw\Demo\user\user.c
         Switch2IsPressed   0x000b5c    program     extern C:\MCHPFSUSB\fw\Demo\user\user.c
         Switch3IsPressed   0x000b82    program     extern C:\MCHPFSUSB\fw\Demo\user\user.c
                   TXbyte   0x000ba8    program     extern C:\MCHPFSUSB\fw\Demo\user\user.c
 PICDEMFSUSBDemoBoardTest   0x000bc2    program     extern C:\MCHPFSUSB\fw\Demo\user\user.c
       USBCheckStdRequest   0x000d84    program     extern C:\MCHPFSUSB\fw\Demo\system\usb\usb9\usb9.c
      USBStdGetDscHandler   0x000e46    program     extern C:\MCHPFSUSB\fw\Demo\system\usb\usb9\usb9.c
      USBStdSetCfgHandler   0x000efe    program     extern C:\MCHPFSUSB\fw\Demo\system\usb\usb9\usb9.c
   USBStdGetStatusHandler   0x000f4e    program     extern C:\MCHPFSUSB\fw\Demo\system\usb\usb9\usb9.c
  USBStdFeatureReqHandler   0x000fee    program     extern C:\MCHPFSUSB\fw\Demo\system\usb\usb9\usb9.c
         USBCtrlEPService   0x001090    program     extern C:\MCHPFSUSB\fw\Demo\system\usb\usbctrltrf\usbctrltrf.c
   USBCtrlTrfSetupHandler   0x0010c6    program     extern C:\MCHPFSUSB\fw\Demo\system\usb\usbctrltrf\usbctrltrf.c
     USBCtrlTrfOutHandler   0x0010ea    program     extern C:\MCHPFSUSB\fw\Demo\system\usb\usbctrltrf\usbctrltrf.c
      USBCtrlTrfInHandler   0x00110a    program     extern C:\MCHPFSUSB\fw\Demo\system\usb\usbctrltrf\usbctrltrf.c
      USBCtrlTrfTxService   0x001144    program     extern C:\MCHPFSUSB\fw\Demo\system\usb\usbctrltrf\usbctrltrf.c
      USBCtrlTrfRxService   0x001218    program     extern C:\MCHPFSUSB\fw\Demo\system\usb\usbctrltrf\usbctrltrf.c
 USBCtrlEPServiceComplete   0x00128a    program     extern C:\MCHPFSUSB\fw\Demo\system\usb\usbctrltrf\usbctrltrf.c
USBPrepareForNextSetupTrf   0x001316    program     extern C:\MCHPFSUSB\fw\Demo\system\usb\usbctrltrf\usbctrltrf.c
           InitTempSensor   0x001332    program     extern C:\MCHPFSUSB\fw\Demo\user\temperature.c
       AcquireTemperature   0x001358    program     extern C:\MCHPFSUSB\fw\Demo\user\temperature.c
       UpdateCelsiusASCII   0x00137a    program     extern C:\MCHPFSUSB\fw\Demo\user\temperature.c
        USBCheckBusStatus   0x0014c8    program     extern C:\MCHPFSUSB\fw\Demo\system\usb\usbdrv\usbdrv.c
          USBModuleEnable   0x0014ee    program     extern C:\MCHPFSUSB\fw\Demo\system\usb\usbdrv\usbdrv.c
         USBModuleDisable   0x0014fc    program     extern C:\MCHPFSUSB\fw\Demo\system\usb\usbdrv\usbdrv.c
            USBSoftDetach   0x001506    program     extern C:\MCHPFSUSB\fw\Demo\system\usb\usbdrv\usbdrv.c
         USBDriverService   0x00150a    program     extern C:\MCHPFSUSB\fw\Demo\system\usb\usbdrv\usbdrv.c
               USBSuspend   0x001588    program     extern C:\MCHPFSUSB\fw\Demo\system\usb\usbdrv\usbdrv.c
       USBWakeFromSuspend   0x001590    program     extern C:\MCHPFSUSB\fw\Demo\system\usb\usbdrv\usbdrv.c
          USBRemoteWakeup   0x001598    program     extern C:\MCHPFSUSB\fw\Demo\system\usb\usbdrv\usbdrv.c
          USB_SOF_Handler   0x0015bc    program     extern C:\MCHPFSUSB\fw\Demo\system\usb\usbdrv\usbdrv.c
          USBStallHandler   0x0015c0    program     extern C:\MCHPFSUSB\fw\Demo\system\usb\usbdrv\usbdrv.c
          USBErrorHandler   0x0015ce    program     extern C:\MCHPFSUSB\fw\Demo\system\usb\usbdrv\usbdrv.c
  USBProtocolResetHandler   0x0015d2    program     extern C:\MCHPFSUSB\fw\Demo\system\usb\usbdrv\usbdrv.c
               ClearArray   0x001616    program     extern C:\MCHPFSUSB\fw\Demo\system\usb\usbdrv\usbdrv.c
        ___while_lbl00043   0x00162a    program     static                          
        ___while_lbl00044   0x001638    program     static                          
       ___return_lbl00042   0x001638    program     static                          
             USBGenInitEP   0x001640    program     extern C:\MCHPFSUSB\fw\Demo\system\usb\class\generic\usbgen.c
              USBGenWrite   0x00166a    program     extern C:\MCHPFSUSB\fw\Demo\system\usb\class\generic\usbgen.c
               USBGenRead   0x0016de    program     extern C:\MCHPFSUSB\fw\Demo\system\usb\class\generic\usbgen.c
               device_dsc   0x00175e    program     extern C:\MCHPFSUSB\fw\Demo\autofiles\usbdsc.c
                    cfg01   0x001770    program     extern C:\MCHPFSUSB\fw\Demo\autofiles\usbdsc.c
                    sd000   0x001790    program     extern C:\MCHPFSUSB\fw\Demo\autofiles\usbdsc.c
                    sd001   0x001794    program     extern C:\MCHPFSUSB\fw\Demo\autofiles\usbdsc.c
                    sd002   0x0017c8    program     extern C:\MCHPFSUSB\fw\Demo\autofiles\usbdsc.c
               USB_CD_Ptr   0x00180c    program     extern C:\MCHPFSUSB\fw\Demo\autofiles\usbdsc.c
               USB_SD_Ptr   0x001810    program     extern C:\MCHPFSUSB\fw\Demo\autofiles\usbdsc.c
                _do_cinit   0x001816    program     extern C:\mcc18\src\traditional\startup\c018i.c
                     test   0x001830    program     static                          
                copy_loop   0x001888    program     static                          
            copy_one_byte   0x00188e    program     static                          
             done_copying   0x00189c    program     static                          
       ___return_lbl00002   0x0018b2    program     static                          
                     done   0x0018b2    program     static                          
                  OpenSPI   0x0018b4    program     extern C:\mcc18\src\TRADIT~1\pmc\SPI\openspi.c
                     main   0x00191a    program     extern C:\MCHPFSUSB\fw\Demo\main.c
         InitializeSystem   0x001926    program     static C:\MCHPFSUSB\fw\Demo\main.c
                 USBTasks   0x001942    program     extern C:\MCHPFSUSB\fw\Demo\main.c
                 FXD1616U   0x001950    program     extern C:\mcc18\src\TRADIT~1\math\fxd1616u.c
                     loop   0x00195a    program     static                          
                  endloop   0x001976    program     static                          
       ___return_lbl00000   0x00197a    program     static                          
                 _startup   0x00197c    program     extern C:\mcc18\src\traditional\startup\c018i.c
                     loop   0x00198c    program     static                          
       ___return_lbl00001   0x001992    program     static                          
                  ReadSPI   0x001994    program     extern C:\mcc18\src\TRADIT~1\pmc\SPI\readspi.c
                   AARGB7   0x000000       data     extern C:\MCC18\SRC\TRADIT~1\MATH\aarg.asm
                    REMB3   0x000000       data     extern C:\MCC18\SRC\TRADIT~1\MATH\aarg.asm
                   AARGB6   0x000001       data     extern C:\MCC18\SRC\TRADIT~1\MATH\aarg.asm
                    REMB2   0x000001       data     extern C:\MCC18\SRC\TRADIT~1\MATH\aarg.asm
                   AARGB5   0x000002       data     extern C:\MCC18\SRC\TRADIT~1\MATH\aarg.asm
                    REMB1   0x000002       data     extern C:\MCC18\SRC\TRADIT~1\MATH\aarg.asm
                    REMB0   0x000003       data     extern C:\MCC18\SRC\TRADIT~1\MATH\aarg.asm
                   AARGB4   0x000003       data     extern C:\MCC18\SRC\TRADIT~1\MATH\aarg.asm
                   AARGB3   0x000004       data     extern C:\MCC18\SRC\TRADIT~1\MATH\aarg.asm
                   AARGB2   0x000005       data     extern C:\MCC18\SRC\TRADIT~1\MATH\aarg.asm
                   AARGB1   0x000006       data     extern C:\MCC18\SRC\TRADIT~1\MATH\aarg.asm
                   AARGB0   0x000007       data     extern C:\MCC18\SRC\TRADIT~1\MATH\aarg.asm
                     AEXP   0x000008       data     extern C:\MCC18\SRC\TRADIT~1\MATH\aarg.asm
                   BARGB3   0x000009       data     extern C:\MCC18\SRC\TRADIT~1\MATH\barg.asm
                   BARGB2   0x00000a       data     extern C:\MCC18\SRC\TRADIT~1\MATH\barg.asm
                   BARGB1   0x00000b       data     extern C:\MCC18\SRC\TRADIT~1\MATH\barg.asm
                   BARGB0   0x00000c       data     extern C:\MCC18\SRC\TRADIT~1\MATH\barg.asm
                     BEXP   0x00000d       data     extern C:\MCC18\SRC\TRADIT~1\MATH\barg.asm
                     SIGN   0x00000e       data     extern C:\MCC18\SRC\TRADIT~1\MATH\cmath18.asm
                  FPFLAGS   0x00000f       data     extern C:\MCC18\SRC\TRADIT~1\MATH\cmath18.asm
                  __tmp_0   0x000010       data     static C:\MCHPFSUSB\fw\Demo\system\usb\usb9\usb9.c
                  __tmp_0   0x000010       data     static C:\MCHPFSUSB\fw\Demo\user\temperature.c
                  __tmp_0   0x000010       data     static C:\MCHPFSUSB\fw\Demo\system\usb\class\generic\usbgen.c
                  __tmp_0   0x000010       data     static C:\MCHPFSUSB\fw\Demo\user\user.c
                  old_sw2   0x000060       data     extern C:\MCHPFSUSB\fw\Demo\user\user.c
                  old_sw3   0x000061       data     extern C:\MCHPFSUSB\fw\Demo\user\user.c
                  counter   0x000062       data     extern C:\MCHPFSUSB\fw\Demo\user\user.c
                trf_state   0x000063       data     extern C:\MCHPFSUSB\fw\Demo\user\user.c
                temp_mode   0x000064       data     extern C:\MCHPFSUSB\fw\Demo\user\user.c
               dataPacket   0x000065       data     extern C:\MCHPFSUSB\fw\Demo\user\user.c
                    pTemp   0x0000a5       data     extern C:\MCHPFSUSB\fw\Demo\user\user.c
               valid_temp   0x0000a6       data     extern C:\MCHPFSUSB\fw\Demo\user\user.c
                temp_data   0x0000a7       data     extern C:\MCHPFSUSB\fw\Demo\user\user.c
              temperature   0x0000e3       data     extern C:\MCHPFSUSB\fw\Demo\user\temperature.c
               tempString   0x0000e5       data     extern C:\MCHPFSUSB\fw\Demo\user\temperature.c
                     prom   0x0000ef       data     static C:\mcc18\src\traditional\startup\c018i.c
                curr_byte   0x0000f2       data     static C:\mcc18\src\traditional\startup\c018i.c
               curr_entry   0x0000f4       data     static C:\mcc18\src\traditional\startup\c018i.c
                 data_ptr   0x0000f6       data     static C:\mcc18\src\traditional\startup\c018i.c
         usb_device_state   0x0000f9       data     extern C:\MCHPFSUSB\fw\Demo\system\usb\usbmmap.c
                 usb_stat   0x0000fa       data     extern C:\MCHPFSUSB\fw\Demo\system\usb\usbmmap.c
           usb_active_cfg   0x0000fb       data     extern C:\MCHPFSUSB\fw\Demo\system\usb\usbmmap.c
             usb_alt_intf   0x0000fc       data     extern C:\MCHPFSUSB\fw\Demo\system\usb\usbmmap.c
              delay_count   0x0000fd       data     static C:\MCHPFSUSB\fw\Demo\system\usb\usbdrv\usbdrv.c
            usbgen_rx_len   0x0000ff       data     extern C:\MCHPFSUSB\fw\Demo\system\usb\class\generic\usbgen.c
           ctrl_trf_state   0x000100       data     extern C:\MCHPFSUSB\fw\Demo\system\usb\usbctrltrf\usbctrltrf.c
   ctrl_trf_session_owner   0x000101       data     extern C:\MCHPFSUSB\fw\Demo\system\usb\usbctrltrf\usbctrltrf.c
                     pSrc   0x000102       data     extern C:\MCHPFSUSB\fw\Demo\system\usb\usbctrltrf\usbctrltrf.c
                     pDst   0x000104       data     extern C:\MCHPFSUSB\fw\Demo\system\usb\usbctrltrf\usbctrltrf.c
                   wCount   0x000106       data     extern C:\MCHPFSUSB\fw\Demo\system\usb\usbctrltrf\usbctrltrf.c
                led_count   0x000108       data     static C:\MCHPFSUSB\fw\Demo\user\user.c
                    ep0Bo   0x000400       data     extern C:\MCHPFSUSB\fw\Demo\system\usb\usbmmap.c
                    ep0Bi   0x000404       data     extern C:\MCHPFSUSB\fw\Demo\system\usb\usbmmap.c
                    ep1Bo   0x000408       data     extern C:\MCHPFSUSB\fw\Demo\system\usb\usbmmap.c
                    ep1Bi   0x00040c       data     extern C:\MCHPFSUSB\fw\Demo\system\usb\usbmmap.c
                    ep2Bo   0x000410       data     extern C:\MCHPFSUSB\fw\Demo\system\usb\usbmmap.c
                    ep2Bi   0x000414       data     extern C:\MCHPFSUSB\fw\Demo\system\usb\usbmmap.c
                 SetupPkt   0x000418       data     extern C:\MCHPFSUSB\fw\Demo\system\usb\usbmmap.c
              CtrlTrfData   0x000420       data     extern C:\MCHPFSUSB\fw\Demo\system\usb\usbmmap.c
               usbgen_out   0x000428       data     extern C:\MCHPFSUSB\fw\Demo\system\usb\usbmmap.c
                usbgen_in   0x000468       data     extern C:\MCHPFSUSB\fw\Demo\system\usb\usbmmap.c
                  SPPDATA   0x000f62       data     extern C:\MCC18\SRC\TRADIT~1\PROC\p18f4550.asm
               SPPCFGbits   0x000f63       data     extern C:\MCC18\SRC\TRADIT~1\PROC\p18f4550.asm
                   SPPCFG   0x000f63       data     extern C:\MCC18\SRC\TRADIT~1\PROC\p18f4550.asm
                   SPPEPS   0x000f64       data     extern C:\MCC18\SRC\TRADIT~1\PROC\p18f4550.asm
               SPPEPSbits   0x000f64       data     extern C:\MCC18\SRC\TRADIT~1\PROC\p18f4550.asm
               SPPCONbits   0x000f65       data     extern C:\MCC18\SRC\TRADIT~1\PROC\p18f4550.asm
                   SPPCON   0x000f65       data     extern C:\MCC18\SRC\TRADIT~1\PROC\p18f4550.asm
                     UFRM   0x000f66       data     extern C:\MCC18\SRC\TRADIT~1\PROC\p18f4550.asm
                    UFRML   0x000f66       data     extern C:\MCC18\SRC\TRADIT~1\PROC\p18f4550.asm
                    UFRMH   0x000f67       data     extern C:\MCC18\SRC\TRADIT~1\PROC\p18f4550.asm
                  UIRbits   0x000f68       data     extern C:\MCC18\SRC\TRADIT~1\PROC\p18f4550.asm
                      UIR   0x000f68       data     extern C:\MCC18\SRC\TRADIT~1\PROC\p18f4550.asm
                      UIE   0x000f69       data     extern C:\MCC18\SRC\TRADIT~1\PROC\p18f4550.asm
                  UIEbits   0x000f69       data     extern C:\MCC18\SRC\TRADIT~1\PROC\p18f4550.asm
                     UEIR   0x000f6a       data     extern C:\MCC18\SRC\TRADIT~1\PROC\p18f4550.asm
                 UEIRbits   0x000f6a       data     extern C:\MCC18\SRC\TRADIT~1\PROC\p18f4550.asm
                 UEIEbits   0x000f6b       data     extern C:\MCC18\SRC\TRADIT~1\PROC\p18f4550.asm
                     UEIE   0x000f6b       data     extern C:\MCC18\SRC\TRADIT~1\PROC\p18f4550.asm
                USTATbits   0x000f6c       data     extern C:\MCC18\SRC\TRADIT~1\PROC\p18f4550.asm
                    USTAT   0x000f6c       data     extern C:\MCC18\SRC\TRADIT~1\PROC\p18f4550.asm
                     UCON   0x000f6d       data     extern C:\MCC18\SRC\TRADIT~1\PROC\p18f4550.asm
                 UCONbits   0x000f6d       data     extern C:\MCC18\SRC\TRADIT~1\PROC\p18f4550.asm
                UADDRbits   0x000f6e       data     extern C:\MCC18\SRC\TRADIT~1\PROC\p18f4550.asm
                    UADDR   0x000f6e       data     extern C:\MCC18\SRC\TRADIT~1\PROC\p18f4550.asm
                 UCFGbits   0x000f6f       data     extern C:\MCC18\SRC\TRADIT~1\PROC\p18f4550.asm
                     UCFG   0x000f6f       data     extern C:\MCC18\SRC\TRADIT~1\PROC\p18f4550.asm
                 UEP0bits   0x000f70       data     extern C:\MCC18\SRC\TRADIT~1\PROC\p18f4550.asm
                     UEP0   0x000f70       data     extern C:\MCC18\SRC\TRADIT~1\PROC\p18f4550.asm
                     UEP1   0x000f71       data     extern C:\MCC18\SRC\TRADIT~1\PROC\p18f4550.asm
                 UEP1bits   0x000f71       data     extern C:\MCC18\SRC\TRADIT~1\PROC\p18f4550.asm
                 UEP2bits   0x000f72       data     extern C:\MCC18\SRC\TRADIT~1\PROC\p18f4550.asm
                     UEP2   0x000f72       data     extern C:\MCC18\SRC\TRADIT~1\PROC\p18f4550.asm
                 UEP3bits   0x000f73       data     extern C:\MCC18\SRC\TRADIT~1\PROC\p18f4550.asm
                     UEP3   0x000f73       data     extern C:\MCC18\SRC\TRADIT~1\PROC\p18f4550.asm
                 UEP4bits   0x000f74       data     extern C:\MCC18\SRC\TRADIT~1\PROC\p18f4550.asm
                     UEP4   0x000f74       data     extern C:\MCC18\SRC\TRADIT~1\PROC\p18f4550.asm
                 UEP5bits   0x000f75       data     extern C:\MCC18\SRC\TRADIT~1\PROC\p18f4550.asm
                     UEP5   0x000f75       data     extern C:\MCC18\SRC\TRADIT~1\PROC\p18f4550.asm
                 UEP6bits   0x000f76       data     extern C:\MCC18\SRC\TRADIT~1\PROC\p18f4550.asm
                     UEP6   0x000f76       data     extern C:\MCC18\SRC\TRADIT~1\PROC\p18f4550.asm
                 UEP7bits   0x000f77       data     extern C:\MCC18\SRC\TRADIT~1\PROC\p18f4550.asm
                     UEP7   0x000f77       data     extern C:\MCC18\SRC\TRADIT~1\PROC\p18f4550.asm
                 UEP8bits   0x000f78       data     extern C:\MCC18\SRC\TRADIT~1\PROC\p18f4550.asm
                     UEP8   0x000f78       data     extern C:\MCC18\SRC\TRADIT~1\PROC\p18f4550.asm
                 UEP9bits   0x000f79       data     extern C:\MCC18\SRC\TRADIT~1\PROC\p18f4550.asm
                     UEP9   0x000f79       data     extern C:\MCC18\SRC\TRADIT~1\PROC\p18f4550.asm
                    UEP10   0x000f7a       data     extern C:\MCC18\SRC\TRADIT~1\PROC\p18f4550.asm
                UEP10bits   0x000f7a       data     extern C:\MCC18\SRC\TRADIT~1\PROC\p18f4550.asm
                UEP11bits   0x000f7b       data     extern C:\MCC18\SRC\TRADIT~1\PROC\p18f4550.asm
                    UEP11   0x000f7b       data     extern C:\MCC18\SRC\TRADIT~1\PROC\p18f4550.asm
                UEP12bits   0x000f7c       data     extern C:\MCC18\SRC\TRADIT~1\PROC\p18f4550.asm
                    UEP12   0x000f7c       data     extern C:\MCC18\SRC\TRADIT~1\PROC\p18f4550.asm
                UEP13bits   0x000f7d       data     extern C:\MCC18\SRC\TRADIT~1\PROC\p18f4550.asm
                    UEP13   0x000f7d       data     extern C:\MCC18\SRC\TRADIT~1\PROC\p18f4550.asm
                    UEP14   0x000f7e       data     extern C:\MCC18\SRC\TRADIT~1\PROC\p18f4550.asm
                UEP14bits   0x000f7e       data     extern C:\MCC18\SRC\TRADIT~1\PROC\p18f4550.asm
                    UEP15   0x000f7f       data     extern C:\MCC18\SRC\TRADIT~1\PROC\p18f4550.asm
                UEP15bits   0x000f7f       data     extern C:\MCC18\SRC\TRADIT~1\PROC\p18f4550.asm
                    PORTA   0x000f80       data     extern C:\MCC18\SRC\TRADIT~1\PROC\p18f4550.asm
                PORTAbits   0x000f80       data     extern C:\MCC18\SRC\TRADIT~1\PROC\p18f4550.asm
                PORTBbits   0x000f81       data     extern C:\MCC18\SRC\TRADIT~1\PROC\p18f4550.asm
                    PORTB   0x000f81       data     extern C:\MCC18\SRC\TRADIT~1\PROC\p18f4550.asm
                    PORTC   0x000f82       data     extern C:\MCC18\SRC\TRADIT~1\PROC\p18f4550.asm
                PORTCbits   0x000f82       data     extern C:\MCC18\SRC\TRADIT~1\PROC\p18f4550.asm
                    PORTD   0x000f83       data     extern C:\MCC18\SRC\TRADIT~1\PROC\p18f4550.asm
                PORTDbits   0x000f83       data     extern C:\MCC18\SRC\TRADIT~1\PROC\p18f4550.asm
                    PORTE   0x000f84       data     extern C:\MCC18\SRC\TRADIT~1\PROC\p18f4550.asm
                PORTEbits   0x000f84       data     extern C:\MCC18\SRC\TRADIT~1\PROC\p18f4550.asm
                     LATA   0x000f89       data     extern C:\MCC18\SRC\TRADIT~1\PROC\p18f4550.asm
                 LATAbits   0x000f89       data     extern C:\MCC18\SRC\TRADIT~1\PROC\p18f4550.asm
                 LATBbits   0x000f8a       data     extern C:\MCC18\SRC\TRADIT~1\PROC\p18f4550.asm
                     LATB   0x000f8a       data     extern C:\MCC18\SRC\TRADIT~1\PROC\p18f4550.asm
                 LATCbits   0x000f8b       data     extern C:\MCC18\SRC\TRADIT~1\PROC\p18f4550.asm
                     LATC   0x000f8b       data     extern C:\MCC18\SRC\TRADIT~1\PROC\p18f4550.asm
                 LATDbits   0x000f8c       data     extern C:\MCC18\SRC\TRADIT~1\PROC\p18f4550.asm
                     LATD   0x000f8c       data     extern C:\MCC18\SRC\TRADIT~1\PROC\p18f4550.asm
                 LATEbits   0x000f8d       data     extern C:\MCC18\SRC\TRADIT~1\PROC\p18f4550.asm
                     LATE   0x000f8d       data     extern C:\MCC18\SRC\TRADIT~1\PROC\p18f4550.asm
                     DDRA   0x000f92       data     extern C:\MCC18\SRC\TRADIT~1\PROC\p18f4550.asm
                 DDRAbits   0x000f92       data     extern C:\MCC18\SRC\TRADIT~1\PROC\p18f4550.asm
                    TRISA   0x000f92       data     extern C:\MCC18\SRC\TRADIT~1\PROC\p18f4550.asm
                TRISAbits   0x000f92       data     extern C:\MCC18\SRC\TRADIT~1\PROC\p18f4550.asm
                     DDRB   0x000f93       data     extern C:\MCC18\SRC\TRADIT~1\PROC\p18f4550.asm
                 DDRBbits   0x000f93       data     extern C:\MCC18\SRC\TRADIT~1\PROC\p18f4550.asm
                    TRISB   0x000f93       data     extern C:\MCC18\SRC\TRADIT~1\PROC\p18f4550.asm
                TRISBbits   0x000f93       data     extern C:\MCC18\SRC\TRADIT~1\PROC\p18f4550.asm
                TRISCbits   0x000f94       data     extern C:\MCC18\SRC\TRADIT~1\PROC\p18f4550.asm
                    TRISC   0x000f94       data     extern C:\MCC18\SRC\TRADIT~1\PROC\p18f4550.asm
                     DDRC   0x000f94       data     extern C:\MCC18\SRC\TRADIT~1\PROC\p18f4550.asm
                 DDRCbits   0x000f94       data     extern C:\MCC18\SRC\TRADIT~1\PROC\p18f4550.asm
                     DDRD   0x000f95       data     extern C:\MCC18\SRC\TRADIT~1\PROC\p18f4550.asm
                 DDRDbits   0x000f95       data     extern C:\MCC18\SRC\TRADIT~1\PROC\p18f4550.asm
                TRISDbits   0x000f95       data     extern C:\MCC18\SRC\TRADIT~1\PROC\p18f4550.asm
                    TRISD   0x000f95       data     extern C:\MCC18\SRC\TRADIT~1\PROC\p18f4550.asm
                TRISEbits   0x000f96       data     extern C:\MCC18\SRC\TRADIT~1\PROC\p18f4550.asm
                    TRISE   0x000f96       data     extern C:\MCC18\SRC\TRADIT~1\PROC\p18f4550.asm
                     DDRE   0x000f96       data     extern C:\MCC18\SRC\TRADIT~1\PROC\p18f4550.asm
                 DDREbits   0x000f96       data     extern C:\MCC18\SRC\TRADIT~1\PROC\p18f4550.asm
              OSCTUNEbits   0x000f9b       data     extern C:\MCC18\SRC\TRADIT~1\PROC\p18f4550.asm
                  OSCTUNE   0x000f9b       data     extern C:\MCC18\SRC\TRADIT~1\PROC\p18f4550.asm
                 PIE1bits   0x000f9d       data     extern C:\MCC18\SRC\TRADIT~1\PROC\p18f4550.asm
                     PIE1   0x000f9d       data     extern C:\MCC18\SRC\TRADIT~1\PROC\p18f4550.asm
                 PIR1bits   0x000f9e       data     extern C:\MCC18\SRC\TRADIT~1\PROC\p18f4550.asm
                     PIR1   0x000f9e       data     extern C:\MCC18\SRC\TRADIT~1\PROC\p18f4550.asm
                 IPR1bits   0x000f9f       data     extern C:\MCC18\SRC\TRADIT~1\PROC\p18f4550.asm
                     IPR1   0x000f9f       data     extern C:\MCC18\SRC\TRADIT~1\PROC\p18f4550.asm
                 PIE2bits   0x000fa0       data     extern C:\MCC18\SRC\TRADIT~1\PROC\p18f4550.asm
                     PIE2   0x000fa0       data     extern C:\MCC18\SRC\TRADIT~1\PROC\p18f4550.asm
                 PIR2bits   0x000fa1       data     extern C:\MCC18\SRC\TRADIT~1\PROC\p18f4550.asm
                     PIR2   0x000fa1       data     extern C:\MCC18\SRC\TRADIT~1\PROC\p18f4550.asm
                 IPR2bits   0x000fa2       data     extern C:\MCC18\SRC\TRADIT~1\PROC\p18f4550.asm
                     IPR2   0x000fa2       data     extern C:\MCC18\SRC\TRADIT~1\PROC\p18f4550.asm
                   EECON1   0x000fa6       data     extern C:\MCC18\SRC\TRADIT~1\PROC\p18f4550.asm
               EECON1bits   0x000fa6       data     extern C:\MCC18\SRC\TRADIT~1\PROC\p18f4550.asm
                   EECON2   0x000fa7       data     extern C:\MCC18\SRC\TRADIT~1\PROC\p18f4550.asm
                   EEDATA   0x000fa8       data     extern C:\MCC18\SRC\TRADIT~1\PROC\p18f4550.asm
                    EEADR   0x000fa9       data     extern C:\MCC18\SRC\TRADIT~1\PROC\p18f4550.asm
                    RCSTA   0x000fab       data     extern C:\MCC18\SRC\TRADIT~1\PROC\p18f4550.asm
                RCSTAbits   0x000fab       data     extern C:\MCC18\SRC\TRADIT~1\PROC\p18f4550.asm
                TXSTAbits   0x000fac       data     extern C:\MCC18\SRC\TRADIT~1\PROC\p18f4550.asm
                    TXSTA   0x000fac       data     extern C:\MCC18\SRC\TRADIT~1\PROC\p18f4550.asm
                    TXREG   0x000fad       data     extern C:\MCC18\SRC\TRADIT~1\PROC\p18f4550.asm
                    RCREG   0x000fae       data     extern C:\MCC18\SRC\TRADIT~1\PROC\p18f4550.asm
                    SPBRG   0x000faf       data     extern C:\MCC18\SRC\TRADIT~1\PROC\p18f4550.asm
                   SPBRGH   0x000fb0       data     extern C:\MCC18\SRC\TRADIT~1\PROC\p18f4550.asm
                    T3CON   0x000fb1       data     extern C:\MCC18\SRC\TRADIT~1\PROC\p18f4550.asm
                T3CONbits   0x000fb1       data     extern C:\MCC18\SRC\TRADIT~1\PROC\p18f4550.asm
                    TMR3L   0x000fb2       data     extern C:\MCC18\SRC\TRADIT~1\PROC\p18f4550.asm
                    TMR3H   0x000fb3       data     extern C:\MCC18\SRC\TRADIT~1\PROC\p18f4550.asm
                CMCONbits   0x000fb4       data     extern C:\MCC18\SRC\TRADIT~1\PROC\p18f4550.asm
                    CMCON   0x000fb4       data     extern C:\MCC18\SRC\TRADIT~1\PROC\p18f4550.asm
                   CVRCON   0x000fb5       data     extern C:\MCC18\SRC\TRADIT~1\PROC\p18f4550.asm
               CVRCONbits   0x000fb5       data     extern C:\MCC18\SRC\TRADIT~1\PROC\p18f4550.asm
              ECCP1ASbits   0x000fb6       data     extern C:\MCC18\SRC\TRADIT~1\PROC\p18f4550.asm
               CCP1ASbits   0x000fb6       data     extern C:\MCC18\SRC\TRADIT~1\PROC\p18f4550.asm
                  ECCP1AS   0x000fb6       data     extern C:\MCC18\SRC\TRADIT~1\PROC\p18f4550.asm
                   CCP1AS   0x000fb6       data     extern C:\MCC18\SRC\TRADIT~1\PROC\p18f4550.asm
              CCP1DELbits   0x000fb7       data     extern C:\MCC18\SRC\TRADIT~1\PROC\p18f4550.asm
                  CCP1DEL   0x000fb7       data     extern C:\MCC18\SRC\TRADIT~1\PROC\p18f4550.asm
                 ECCP1DEL   0x000fb7       data     extern C:\MCC18\SRC\TRADIT~1\PROC\p18f4550.asm
             ECCP1DELbits   0x000fb7       data     extern C:\MCC18\SRC\TRADIT~1\PROC\p18f4550.asm
              BAUDCONbits   0x000fb8       data     extern C:\MCC18\SRC\TRADIT~1\PROC\p18f4550.asm
                  BAUDCON   0x000fb8       data     extern C:\MCC18\SRC\TRADIT~1\PROC\p18f4550.asm
                  CCP2CON   0x000fba       data     extern C:\MCC18\SRC\TRADIT~1\PROC\p18f4550.asm
              CCP2CONbits   0x000fba       data     extern C:\MCC18\SRC\TRADIT~1\PROC\p18f4550.asm
                   CCPR2L   0x000fbb       data     extern C:\MCC18\SRC\TRADIT~1\PROC\p18f4550.asm
                    CCPR2   0x000fbb       data     extern C:\MCC18\SRC\TRADIT~1\PROC\p18f4550.asm
                   CCPR2H   0x000fbc       data     extern C:\MCC18\SRC\TRADIT~1\PROC\p18f4550.asm
             ECCP1CONbits   0x000fbd       data     extern C:\MCC18\SRC\TRADIT~1\PROC\p18f4550.asm
                 ECCP1CON   0x000fbd       data     extern C:\MCC18\SRC\TRADIT~1\PROC\p18f4550.asm
              CCP1CONbits   0x000fbd       data     extern C:\MCC18\SRC\TRADIT~1\PROC\p18f4550.asm
                  CCP1CON   0x000fbd       data     extern C:\MCC18\SRC\TRADIT~1\PROC\p18f4550.asm
                    CCPR1   0x000fbe       data     extern C:\MCC18\SRC\TRADIT~1\PROC\p18f4550.asm
                   CCPR1L   0x000fbe       data     extern C:\MCC18\SRC\TRADIT~1\PROC\p18f4550.asm
                   CCPR1H   0x000fbf       data     extern C:\MCC18\SRC\TRADIT~1\PROC\p18f4550.asm
                   ADCON2   0x000fc0       data     extern C:\MCC18\SRC\TRADIT~1\PROC\p18f4550.asm
               ADCON2bits   0x000fc0       data     extern C:\MCC18\SRC\TRADIT~1\PROC\p18f4550.asm
               ADCON1bits   0x000fc1       data     extern C:\MCC18\SRC\TRADIT~1\PROC\p18f4550.asm
                   ADCON1   0x000fc1       data     extern C:\MCC18\SRC\TRADIT~1\PROC\p18f4550.asm
               ADCON0bits   0x000fc2       data     extern C:\MCC18\SRC\TRADIT~1\PROC\p18f4550.asm
                   ADCON0   0x000fc2       data     extern C:\MCC18\SRC\TRADIT~1\PROC\p18f4550.asm
                   ADRESL   0x000fc3       data     extern C:\MCC18\SRC\TRADIT~1\PROC\p18f4550.asm
                    ADRES   0x000fc3       data     extern C:\MCC18\SRC\TRADIT~1\PROC\p18f4550.asm
                   ADRESH   0x000fc4       data     extern C:\MCC18\SRC\TRADIT~1\PROC\p18f4550.asm
              SSPCON2bits   0x000fc5       data     extern C:\MCC18\SRC\TRADIT~1\PROC\p18f4550.asm
                  SSPCON2   0x000fc5       data     extern C:\MCC18\SRC\TRADIT~1\PROC\p18f4550.asm
              SSPCON1bits   0x000fc6       data     extern C:\MCC18\SRC\TRADIT~1\PROC\p18f4550.asm
                  SSPCON1   0x000fc6       data     extern C:\MCC18\SRC\TRADIT~1\PROC\p18f4550.asm
              SSPSTATbits   0x000fc7       data     extern C:\MCC18\SRC\TRADIT~1\PROC\p18f4550.asm
                  SSPSTAT   0x000fc7       data     extern C:\MCC18\SRC\TRADIT~1\PROC\p18f4550.asm
                   SSPADD   0x000fc8       data     extern C:\MCC18\SRC\TRADIT~1\PROC\p18f4550.asm
                   SSPBUF   0x000fc9       data     extern C:\MCC18\SRC\TRADIT~1\PROC\p18f4550.asm
                T2CONbits   0x000fca       data     extern C:\MCC18\SRC\TRADIT~1\PROC\p18f4550.asm
                    T2CON   0x000fca       data     extern C:\MCC18\SRC\TRADIT~1\PROC\p18f4550.asm
                      PR2   0x000fcb       data     extern C:\MCC18\SRC\TRADIT~1\PROC\p18f4550.asm
                     TMR2   0x000fcc       data     extern C:\MCC18\SRC\TRADIT~1\PROC\p18f4550.asm
                T1CONbits   0x000fcd       data     extern C:\MCC18\SRC\TRADIT~1\PROC\p18f4550.asm
                    T1CON   0x000fcd       data     extern C:\MCC18\SRC\TRADIT~1\PROC\p18f4550.asm
                    TMR1L   0x000fce       data     extern C:\MCC18\SRC\TRADIT~1\PROC\p18f4550.asm
                    TMR1H   0x000fcf       data     extern C:\MCC18\SRC\TRADIT~1\PROC\p18f4550.asm
                     RCON   0x000fd0       data     extern C:\MCC18\SRC\TRADIT~1\PROC\p18f4550.asm
                 RCONbits   0x000fd0       data     extern C:\MCC18\SRC\TRADIT~1\PROC\p18f4550.asm
                   WDTCON   0x000fd1       data     extern C:\MCC18\SRC\TRADIT~1\PROC\p18f4550.asm
               WDTCONbits   0x000fd1       data     extern C:\MCC18\SRC\TRADIT~1\PROC\p18f4550.asm
              HLVDCONbits   0x000fd2       data     extern C:\MCC18\SRC\TRADIT~1\PROC\p18f4550.asm
                  HLVDCON   0x000fd2       data     extern C:\MCC18\SRC\TRADIT~1\PROC\p18f4550.asm
               OSCCONbits   0x000fd3       data     extern C:\MCC18\SRC\TRADIT~1\PROC\p18f4550.asm
                   OSCCON   0x000fd3       data     extern C:\MCC18\SRC\TRADIT~1\PROC\p18f4550.asm
                    T0CON   0x000fd5       data     extern C:\MCC18\SRC\TRADIT~1\PROC\p18f4550.asm
                T0CONbits   0x000fd5       data     extern C:\MCC18\SRC\TRADIT~1\PROC\p18f4550.asm
                    TMR0L   0x000fd6       data     extern C:\MCC18\SRC\TRADIT~1\PROC\p18f4550.asm
                    TMR0H   0x000fd7       data     extern C:\MCC18\SRC\TRADIT~1\PROC\p18f4550.asm
               STATUSbits   0x000fd8       data     extern C:\MCC18\SRC\TRADIT~1\PROC\p18f4550.asm
                   STATUS   0x000fd8       data     extern C:\MCC18\SRC\TRADIT~1\PROC\p18f4550.asm
                    FSR2L   0x000fd9       data     extern C:\MCC18\SRC\TRADIT~1\PROC\p18f4550.asm
                     FSR2   0x000fd9       data     extern C:\MCC18\SRC\TRADIT~1\PROC\p18f4550.asm
                    FSR2H   0x000fda       data     extern C:\MCC18\SRC\TRADIT~1\PROC\p18f4550.asm
                   PLUSW2   0x000fdb       data     extern C:\MCC18\SRC\TRADIT~1\PROC\p18f4550.asm
                  PREINC2   0x000fdc       data     extern C:\MCC18\SRC\TRADIT~1\PROC\p18f4550.asm
                 POSTDEC2   0x000fdd       data     extern C:\MCC18\SRC\TRADIT~1\PROC\p18f4550.asm
                 POSTINC2   0x000fde       data     extern C:\MCC18\SRC\TRADIT~1\PROC\p18f4550.asm
                    INDF2   0x000fdf       data     extern C:\MCC18\SRC\TRADIT~1\PROC\p18f4550.asm
                      BSR   0x000fe0       data     extern C:\MCC18\SRC\TRADIT~1\PROC\p18f4550.asm
                    FSR1L   0x000fe1       data     extern C:\MCC18\SRC\TRADIT~1\PROC\p18f4550.asm
                     FSR1   0x000fe1       data     extern C:\MCC18\SRC\TRADIT~1\PROC\p18f4550.asm
                    FSR1H   0x000fe2       data     extern C:\MCC18\SRC\TRADIT~1\PROC\p18f4550.asm
                   PLUSW1   0x000fe3       data     extern C:\MCC18\SRC\TRADIT~1\PROC\p18f4550.asm
                  PREINC1   0x000fe4       data     extern C:\MCC18\SRC\TRADIT~1\PROC\p18f4550.asm
                 POSTDEC1   0x000fe5       data     extern C:\MCC18\SRC\TRADIT~1\PROC\p18f4550.asm
                 POSTINC1   0x000fe6       data     extern C:\MCC18\SRC\TRADIT~1\PROC\p18f4550.asm
                    INDF1   0x000fe7       data     extern C:\MCC18\SRC\TRADIT~1\PROC\p18f4550.asm
                     WREG   0x000fe8       data     extern C:\MCC18\SRC\TRADIT~1\PROC\p18f4550.asm
                     FSR0   0x000fe9       data     extern C:\MCC18\SRC\TRADIT~1\PROC\p18f4550.asm
                    FSR0L   0x000fe9       data     extern C:\MCC18\SRC\TRADIT~1\PROC\p18f4550.asm
                    FSR0H   0x000fea       data     extern C:\MCC18\SRC\TRADIT~1\PROC\p18f4550.asm
                   PLUSW0   0x000feb       data     extern C:\MCC18\SRC\TRADIT~1\PROC\p18f4550.asm
                  PREINC0   0x000fec       data     extern C:\MCC18\SRC\TRADIT~1\PROC\p18f4550.asm
                 POSTDEC0   0x000fed       data     extern C:\MCC18\SRC\TRADIT~1\PROC\p18f4550.asm
                 POSTINC0   0x000fee       data     extern C:\MCC18\SRC\TRADIT~1\PROC\p18f4550.asm
                    INDF0   0x000fef       data     extern C:\MCC18\SRC\TRADIT~1\PROC\p18f4550.asm
              INTCON3bits   0x000ff0       data     extern C:\MCC18\SRC\TRADIT~1\PROC\p18f4550.asm
                  INTCON3   0x000ff0       data     extern C:\MCC18\SRC\TRADIT~1\PROC\p18f4550.asm
              INTCON2bits   0x000ff1       data     extern C:\MCC18\SRC\TRADIT~1\PROC\p18f4550.asm
                  INTCON2   0x000ff1       data     extern C:\MCC18\SRC\TRADIT~1\PROC\p18f4550.asm
               INTCONbits   0x000ff2       data     extern C:\MCC18\SRC\TRADIT~1\PROC\p18f4550.asm
                   INTCON   0x000ff2       data     extern C:\MCC18\SRC\TRADIT~1\PROC\p18f4550.asm
                    PRODL   0x000ff3       data     extern C:\MCC18\SRC\TRADIT~1\PROC\p18f4550.asm
                     PROD   0x000ff3       data     extern C:\MCC18\SRC\TRADIT~1\PROC\p18f4550.asm
                    PRODH   0x000ff4       data     extern C:\MCC18\SRC\TRADIT~1\PROC\p18f4550.asm
                   TABLAT   0x000ff5       data     extern C:\MCC18\SRC\TRADIT~1\PROC\p18f4550.asm
                  TBLPTRL   0x000ff6       data     extern C:\MCC18\SRC\TRADIT~1\PROC\p18f4550.asm
                   TBLPTR   0x000ff6       data     extern C:\MCC18\SRC\TRADIT~1\PROC\p18f4550.asm
                  TBLPTRH   0x000ff7       data     extern C:\MCC18\SRC\TRADIT~1\PROC\p18f4550.asm
                  TBLPTRU   0x000ff8       data     extern C:\MCC18\SRC\TRADIT~1\PROC\p18f4550.asm
                       PC   0x000ff9       data     extern C:\MCC18\SRC\TRADIT~1\PROC\p18f4550.asm
                      PCL   0x000ff9       data     extern C:\MCC18\SRC\TRADIT~1\PROC\p18f4550.asm
                   PCLATH   0x000ffa       data     extern C:\MCC18\SRC\TRADIT~1\PROC\p18f4550.asm
                   PCLATU   0x000ffb       data     extern C:\MCC18\SRC\TRADIT~1\PROC\p18f4550.asm
               STKPTRbits   0x000ffc       data     extern C:\MCC18\SRC\TRADIT~1\PROC\p18f4550.asm
                   STKPTR   0x000ffc       data     extern C:\MCC18\SRC\TRADIT~1\PROC\p18f4550.asm
                      TOS   0x000ffd       data     extern C:\MCC18\SRC\TRADIT~1\PROC\p18f4550.asm
                     TOSL   0x000ffd       data     extern C:\MCC18\SRC\TRADIT~1\PROC\p18f4550.asm
                     TOSH   0x000ffe       data     extern C:\MCC18\SRC\TRADIT~1\PROC\p18f4550.asm
                     TOSU   0x000fff       data     extern C:\MCC18\SRC\TRADIT~1\PROC\p18f4550.asm


